[0.000000] (-) TimerEvent: {}
[0.001534] (realsense_gazebo_plugin) JobQueued: {'identifier': 'realsense_gazebo_plugin', 'dependencies': OrderedDict()}
[0.001614] (uf_ros_lib) JobQueued: {'identifier': 'uf_ros_lib', 'dependencies': OrderedDict()}
[0.001660] (xarm_description) JobQueued: {'identifier': 'xarm_description', 'dependencies': OrderedDict()}
[0.001700] (xarm_msgs) JobQueued: {'identifier': 'xarm_msgs', 'dependencies': OrderedDict()}
[0.001761] (xarm_sdk) JobQueued: {'identifier': 'xarm_sdk', 'dependencies': OrderedDict()}
[0.001801] (mbot_demo) JobQueued: {'identifier': 'mbot_demo', 'dependencies': OrderedDict({'uf_ros_lib': '/home/berenic/Documents/LPRS2_2026/Robo_Hand_RS485/ROS2/install/uf_ros_lib'})}
[0.001842] (xarm_api) JobQueued: {'identifier': 'xarm_api', 'dependencies': OrderedDict({'xarm_description': '/home/berenic/Documents/LPRS2_2026/Robo_Hand_RS485/ROS2/install/xarm_description', 'xarm_msgs': '/home/berenic/Documents/LPRS2_2026/Robo_Hand_RS485/ROS2/install/xarm_msgs', 'xarm_sdk': '/home/berenic/Documents/LPRS2_2026/Robo_Hand_RS485/ROS2/install/xarm_sdk'})}
[0.001882] (xarm_controller) JobQueued: {'identifier': 'xarm_controller', 'dependencies': OrderedDict({'xarm_description': '/home/berenic/Documents/LPRS2_2026/Robo_Hand_RS485/ROS2/install/xarm_description', 'xarm_msgs': '/home/berenic/Documents/LPRS2_2026/Robo_Hand_RS485/ROS2/install/xarm_msgs', 'xarm_sdk': '/home/berenic/Documents/LPRS2_2026/Robo_Hand_RS485/ROS2/install/xarm_sdk', 'xarm_api': '/home/berenic/Documents/LPRS2_2026/Robo_Hand_RS485/ROS2/install/xarm_api'})}
[0.001932] (xarm_gazebo) JobQueued: {'identifier': 'xarm_gazebo', 'dependencies': OrderedDict({'uf_ros_lib': '/home/berenic/Documents/LPRS2_2026/Robo_Hand_RS485/ROS2/install/uf_ros_lib', 'xarm_description': '/home/berenic/Documents/LPRS2_2026/Robo_Hand_RS485/ROS2/install/xarm_description', 'xarm_msgs': '/home/berenic/Documents/LPRS2_2026/Robo_Hand_RS485/ROS2/install/xarm_msgs', 'xarm_sdk': '/home/berenic/Documents/LPRS2_2026/Robo_Hand_RS485/ROS2/install/xarm_sdk', 'xarm_api': '/home/berenic/Documents/LPRS2_2026/Robo_Hand_RS485/ROS2/install/xarm_api', 'xarm_controller': '/home/berenic/Documents/LPRS2_2026/Robo_Hand_RS485/ROS2/install/xarm_controller'})}
[0.001977] (xarm_moveit_config) JobQueued: {'identifier': 'xarm_moveit_config', 'dependencies': OrderedDict({'uf_ros_lib': '/home/berenic/Documents/LPRS2_2026/Robo_Hand_RS485/ROS2/install/uf_ros_lib', 'xarm_description': '/home/berenic/Documents/LPRS2_2026/Robo_Hand_RS485/ROS2/install/xarm_description', 'xarm_msgs': '/home/berenic/Documents/LPRS2_2026/Robo_Hand_RS485/ROS2/install/xarm_msgs', 'xarm_sdk': '/home/berenic/Documents/LPRS2_2026/Robo_Hand_RS485/ROS2/install/xarm_sdk', 'xarm_api': '/home/berenic/Documents/LPRS2_2026/Robo_Hand_RS485/ROS2/install/xarm_api', 'xarm_controller': '/home/berenic/Documents/LPRS2_2026/Robo_Hand_RS485/ROS2/install/xarm_controller', 'xarm_gazebo': '/home/berenic/Documents/LPRS2_2026/Robo_Hand_RS485/ROS2/install/xarm_gazebo'})}
[0.002023] (xarm_moveit_servo) JobQueued: {'identifier': 'xarm_moveit_servo', 'dependencies': OrderedDict({'uf_ros_lib': '/home/berenic/Documents/LPRS2_2026/Robo_Hand_RS485/ROS2/install/uf_ros_lib', 'xarm_description': '/home/berenic/Documents/LPRS2_2026/Robo_Hand_RS485/ROS2/install/xarm_description', 'xarm_msgs': '/home/berenic/Documents/LPRS2_2026/Robo_Hand_RS485/ROS2/install/xarm_msgs', 'xarm_sdk': '/home/berenic/Documents/LPRS2_2026/Robo_Hand_RS485/ROS2/install/xarm_sdk', 'xarm_api': '/home/berenic/Documents/LPRS2_2026/Robo_Hand_RS485/ROS2/install/xarm_api', 'xarm_controller': '/home/berenic/Documents/LPRS2_2026/Robo_Hand_RS485/ROS2/install/xarm_controller', 'xarm_gazebo': '/home/berenic/Documents/LPRS2_2026/Robo_Hand_RS485/ROS2/install/xarm_gazebo', 'xarm_moveit_config': '/home/berenic/Documents/LPRS2_2026/Robo_Hand_RS485/ROS2/install/xarm_moveit_config'})}
[0.002087] (xarm_planner) JobQueued: {'identifier': 'xarm_planner', 'dependencies': OrderedDict({'uf_ros_lib': '/home/berenic/Documents/LPRS2_2026/Robo_Hand_RS485/ROS2/install/uf_ros_lib', 'xarm_description': '/home/berenic/Documents/LPRS2_2026/Robo_Hand_RS485/ROS2/install/xarm_description', 'xarm_msgs': '/home/berenic/Documents/LPRS2_2026/Robo_Hand_RS485/ROS2/install/xarm_msgs', 'xarm_sdk': '/home/berenic/Documents/LPRS2_2026/Robo_Hand_RS485/ROS2/install/xarm_sdk', 'xarm_api': '/home/berenic/Documents/LPRS2_2026/Robo_Hand_RS485/ROS2/install/xarm_api', 'xarm_controller': '/home/berenic/Documents/LPRS2_2026/Robo_Hand_RS485/ROS2/install/xarm_controller', 'xarm_gazebo': '/home/berenic/Documents/LPRS2_2026/Robo_Hand_RS485/ROS2/install/xarm_gazebo', 'xarm_moveit_config': '/home/berenic/Documents/LPRS2_2026/Robo_Hand_RS485/ROS2/install/xarm_moveit_config'})}
[0.002281] (glue_events_routines) JobQueued: {'identifier': 'glue_events_routines', 'dependencies': OrderedDict({'uf_ros_lib': '/home/berenic/Documents/LPRS2_2026/Robo_Hand_RS485/ROS2/install/uf_ros_lib', 'xarm_description': '/home/berenic/Documents/LPRS2_2026/Robo_Hand_RS485/ROS2/install/xarm_description', 'xarm_msgs': '/home/berenic/Documents/LPRS2_2026/Robo_Hand_RS485/ROS2/install/xarm_msgs', 'xarm_sdk': '/home/berenic/Documents/LPRS2_2026/Robo_Hand_RS485/ROS2/install/xarm_sdk', 'xarm_api': '/home/berenic/Documents/LPRS2_2026/Robo_Hand_RS485/ROS2/install/xarm_api', 'xarm_controller': '/home/berenic/Documents/LPRS2_2026/Robo_Hand_RS485/ROS2/install/xarm_controller', 'xarm_gazebo': '/home/berenic/Documents/LPRS2_2026/Robo_Hand_RS485/ROS2/install/xarm_gazebo', 'xarm_moveit_config': '/home/berenic/Documents/LPRS2_2026/Robo_Hand_RS485/ROS2/install/xarm_moveit_config', 'xarm_moveit_servo': '/home/berenic/Documents/LPRS2_2026/Robo_Hand_RS485/ROS2/install/xarm_moveit_servo', 'xarm_planner': '/home/berenic/Documents/LPRS2_2026/Robo_Hand_RS485/ROS2/install/xarm_planner'})}
[0.002353] (xarm_description) JobStarted: {'identifier': 'xarm_description'}
[0.012166] (xarm_msgs) JobStarted: {'identifier': 'xarm_msgs'}
[0.014415] (xarm_sdk) JobStarted: {'identifier': 'xarm_sdk'}
[0.016317] (uf_ros_lib) JobStarted: {'identifier': 'uf_ros_lib'}
[0.022726] (realsense_gazebo_plugin) JobStarted: {'identifier': 'realsense_gazebo_plugin'}
[0.027068] (xarm_description) JobProgress: {'identifier': 'xarm_description', 'progress': 'cmake'}
[0.028181] (xarm_description) Command: {'cmd': ['/usr/bin/cmake', '/home/berenic/Documents/LPRS2_2026/Robo_Hand_RS485/ROS2/robo_hand_ws/src/xarm_ros2/xarm_description', '-DAMENT_CMAKE_SYMLINK_INSTALL=1', '-DCMAKE_INSTALL_PREFIX=/home/berenic/Documents/LPRS2_2026/Robo_Hand_RS485/ROS2/install/xarm_description'], 'cwd': '/home/berenic/Documents/LPRS2_2026/Robo_Hand_RS485/ROS2/build/xarm_description', 'env': OrderedDict({'USER': 'berenic', 'XDG_SESSION_TYPE': 'wayland', 'CLUTTER_DISABLE_MIPMAPPED_TEXT': '1', 'SHLVL': '1', 'HOME': '/home/berenic', 'OLDPWD': '/home/berenic', 'DESKTOP_SESSION': 'ubuntu', 'GNOME_SHELL_SESSION_MODE': 'ubuntu', 'GTK_MODULES': 'gail:atk-bridge', 'SYSTEMD_EXEC_PID': '2427', 'GSM_SKIP_SSH_AGENT_WORKAROUND': 'true', 'DBUS_SESSION_BUS_ADDRESS': 'unix:path=/run/user/1000/bus', 'COLORTERM': 'truecolor', 'DEBUGINFOD_URLS': 'https://debuginfod.ubuntu.com', 'IM_CONFIG_PHASE': '1', 'WAYLAND_DISPLAY': 'wayland-0', 'LOGNAME': 'berenic', '_': '/usr/bin/colcon', 'MEMORY_PRESSURE_WATCH': '/sys/fs/cgroup/user.slice/user-1000.slice/user@1000.service/session.slice/org.gnome.Shell@wayland.service/memory.pressure', 'XDG_SESSION_CLASS': 'user', 'USERNAME': 'berenic', 'TERM': 'xterm-256color', 'GNOME_DESKTOP_SESSION_ID': 'this-is-deprecated', 'PATH': '/usr/local/sbin:/usr/local/bin:/usr/sbin:/usr/bin:/sbin:/bin:/usr/games:/usr/local/games:/snap/bin:/snap/bin', 'SESSION_MANAGER': 'local/berenic-ThinkBook-16-G6-ABP:@/tmp/.ICE-unix/2395,unix/berenic-ThinkBook-16-G6-ABP:/tmp/.ICE-unix/2395', 'XDG_MENU_PREFIX': 'gnome-', 'GNOME_TERMINAL_SCREEN': '/org/gnome/Terminal/screen/991e106d_ae44_42dc_b569_91ef3f87a031', 'GNOME_SETUP_DISPLAY': ':1', 'XDG_RUNTIME_DIR': '/run/user/1000', 'DISPLAY': ':0', 'LANG': 'en_US.UTF-8', 'XDG_CURRENT_DESKTOP': 'ubuntu:GNOME', 'XMODIFIERS': '@im=ibus', 'XDG_SESSION_DESKTOP': 'ubuntu', 'XAUTHORITY': '/run/user/1000/.mutter-Xwaylandauth.VYMIP3', 'GNOME_TERMINAL_SERVICE': ':1.146', 'SSH_AUTH_SOCK': '/run/user/1000/keyring/ssh', 'SHELL': '/bin/bash', 'QT_ACCESSIBILITY': '1', 'GDMSESSION': 'ubuntu', 'QT_IM_MODULE': 'ibus', 'PWD': '/home/berenic/Documents/LPRS2_2026/Robo_Hand_RS485/ROS2/build/xarm_description', 'LC_ALL': 'en_US.UTF-8', 'XDG_CONFIG_DIRS': '/etc/xdg/xdg-ubuntu:/etc/xdg', 'RCUTILS_COLORIZED_OUTPUT': '1', 'XDG_DATA_DIRS': '/usr/share/ubuntu:/usr/share/gnome:/usr/local/share/:/usr/share/:/var/lib/snapd/desktop', 'COLCON': '1', 'MEMORY_PRESSURE_WRITE': 'c29tZSAyMDAwMDAgMjAwMDAwMAA=', 'VTE_VERSION': '7600'}), 'shell': False}
[0.032688] (xarm_msgs) JobProgress: {'identifier': 'xarm_msgs', 'progress': 'cmake'}
[0.034078] (xarm_msgs) Command: {'cmd': ['/usr/bin/cmake', '/home/berenic/Documents/LPRS2_2026/Robo_Hand_RS485/ROS2/robo_hand_ws/src/xarm_ros2/xarm_msgs', '-DAMENT_CMAKE_SYMLINK_INSTALL=1', '-DCMAKE_INSTALL_PREFIX=/home/berenic/Documents/LPRS2_2026/Robo_Hand_RS485/ROS2/install/xarm_msgs'], 'cwd': '/home/berenic/Documents/LPRS2_2026/Robo_Hand_RS485/ROS2/build/xarm_msgs', 'env': OrderedDict({'USER': 'berenic', 'XDG_SESSION_TYPE': 'wayland', 'CLUTTER_DISABLE_MIPMAPPED_TEXT': '1', 'SHLVL': '1', 'HOME': '/home/berenic', 'OLDPWD': '/home/berenic', 'DESKTOP_SESSION': 'ubuntu', 'GNOME_SHELL_SESSION_MODE': 'ubuntu', 'GTK_MODULES': 'gail:atk-bridge', 'SYSTEMD_EXEC_PID': '2427', 'GSM_SKIP_SSH_AGENT_WORKAROUND': 'true', 'DBUS_SESSION_BUS_ADDRESS': 'unix:path=/run/user/1000/bus', 'COLORTERM': 'truecolor', 'DEBUGINFOD_URLS': 'https://debuginfod.ubuntu.com', 'IM_CONFIG_PHASE': '1', 'WAYLAND_DISPLAY': 'wayland-0', 'LOGNAME': 'berenic', '_': '/usr/bin/colcon', 'MEMORY_PRESSURE_WATCH': '/sys/fs/cgroup/user.slice/user-1000.slice/user@1000.service/session.slice/org.gnome.Shell@wayland.service/memory.pressure', 'XDG_SESSION_CLASS': 'user', 'USERNAME': 'berenic', 'TERM': 'xterm-256color', 'GNOME_DESKTOP_SESSION_ID': 'this-is-deprecated', 'PATH': '/usr/local/sbin:/usr/local/bin:/usr/sbin:/usr/bin:/sbin:/bin:/usr/games:/usr/local/games:/snap/bin:/snap/bin', 'SESSION_MANAGER': 'local/berenic-ThinkBook-16-G6-ABP:@/tmp/.ICE-unix/2395,unix/berenic-ThinkBook-16-G6-ABP:/tmp/.ICE-unix/2395', 'XDG_MENU_PREFIX': 'gnome-', 'GNOME_TERMINAL_SCREEN': '/org/gnome/Terminal/screen/991e106d_ae44_42dc_b569_91ef3f87a031', 'GNOME_SETUP_DISPLAY': ':1', 'XDG_RUNTIME_DIR': '/run/user/1000', 'DISPLAY': ':0', 'LANG': 'en_US.UTF-8', 'XDG_CURRENT_DESKTOP': 'ubuntu:GNOME', 'XMODIFIERS': '@im=ibus', 'XDG_SESSION_DESKTOP': 'ubuntu', 'XAUTHORITY': '/run/user/1000/.mutter-Xwaylandauth.VYMIP3', 'GNOME_TERMINAL_SERVICE': ':1.146', 'SSH_AUTH_SOCK': '/run/user/1000/keyring/ssh', 'SHELL': '/bin/bash', 'QT_ACCESSIBILITY': '1', 'GDMSESSION': 'ubuntu', 'QT_IM_MODULE': 'ibus', 'PWD': '/home/berenic/Documents/LPRS2_2026/Robo_Hand_RS485/ROS2/build/xarm_msgs', 'LC_ALL': 'en_US.UTF-8', 'XDG_CONFIG_DIRS': '/etc/xdg/xdg-ubuntu:/etc/xdg', 'RCUTILS_COLORIZED_OUTPUT': '1', 'XDG_DATA_DIRS': '/usr/share/ubuntu:/usr/share/gnome:/usr/local/share/:/usr/share/:/var/lib/snapd/desktop', 'COLCON': '1', 'MEMORY_PRESSURE_WRITE': 'c29tZSAyMDAwMDAgMjAwMDAwMAA=', 'VTE_VERSION': '7600'}), 'shell': False}
[0.035990] (xarm_sdk) JobProgress: {'identifier': 'xarm_sdk', 'progress': 'cmake'}
[0.036913] (xarm_sdk) Command: {'cmd': ['/usr/bin/cmake', '/home/berenic/Documents/LPRS2_2026/Robo_Hand_RS485/ROS2/robo_hand_ws/src/xarm_ros2/xarm_sdk', '-DAMENT_CMAKE_SYMLINK_INSTALL=1', '-DCMAKE_INSTALL_PREFIX=/home/berenic/Documents/LPRS2_2026/Robo_Hand_RS485/ROS2/install/xarm_sdk'], 'cwd': '/home/berenic/Documents/LPRS2_2026/Robo_Hand_RS485/ROS2/build/xarm_sdk', 'env': OrderedDict({'USER': 'berenic', 'XDG_SESSION_TYPE': 'wayland', 'CLUTTER_DISABLE_MIPMAPPED_TEXT': '1', 'SHLVL': '1', 'HOME': '/home/berenic', 'OLDPWD': '/home/berenic', 'DESKTOP_SESSION': 'ubuntu', 'GNOME_SHELL_SESSION_MODE': 'ubuntu', 'GTK_MODULES': 'gail:atk-bridge', 'SYSTEMD_EXEC_PID': '2427', 'GSM_SKIP_SSH_AGENT_WORKAROUND': 'true', 'DBUS_SESSION_BUS_ADDRESS': 'unix:path=/run/user/1000/bus', 'COLORTERM': 'truecolor', 'DEBUGINFOD_URLS': 'https://debuginfod.ubuntu.com', 'IM_CONFIG_PHASE': '1', 'WAYLAND_DISPLAY': 'wayland-0', 'LOGNAME': 'berenic', '_': '/usr/bin/colcon', 'MEMORY_PRESSURE_WATCH': '/sys/fs/cgroup/user.slice/user-1000.slice/user@1000.service/session.slice/org.gnome.Shell@wayland.service/memory.pressure', 'XDG_SESSION_CLASS': 'user', 'USERNAME': 'berenic', 'TERM': 'xterm-256color', 'GNOME_DESKTOP_SESSION_ID': 'this-is-deprecated', 'PATH': '/usr/local/sbin:/usr/local/bin:/usr/sbin:/usr/bin:/sbin:/bin:/usr/games:/usr/local/games:/snap/bin:/snap/bin', 'SESSION_MANAGER': 'local/berenic-ThinkBook-16-G6-ABP:@/tmp/.ICE-unix/2395,unix/berenic-ThinkBook-16-G6-ABP:/tmp/.ICE-unix/2395', 'XDG_MENU_PREFIX': 'gnome-', 'GNOME_TERMINAL_SCREEN': '/org/gnome/Terminal/screen/991e106d_ae44_42dc_b569_91ef3f87a031', 'GNOME_SETUP_DISPLAY': ':1', 'XDG_RUNTIME_DIR': '/run/user/1000', 'DISPLAY': ':0', 'LANG': 'en_US.UTF-8', 'XDG_CURRENT_DESKTOP': 'ubuntu:GNOME', 'XMODIFIERS': '@im=ibus', 'XDG_SESSION_DESKTOP': 'ubuntu', 'XAUTHORITY': '/run/user/1000/.mutter-Xwaylandauth.VYMIP3', 'GNOME_TERMINAL_SERVICE': ':1.146', 'SSH_AUTH_SOCK': '/run/user/1000/keyring/ssh', 'SHELL': '/bin/bash', 'QT_ACCESSIBILITY': '1', 'GDMSESSION': 'ubuntu', 'QT_IM_MODULE': 'ibus', 'PWD': '/home/berenic/Documents/LPRS2_2026/Robo_Hand_RS485/ROS2/build/xarm_sdk', 'LC_ALL': 'en_US.UTF-8', 'XDG_CONFIG_DIRS': '/etc/xdg/xdg-ubuntu:/etc/xdg', 'RCUTILS_COLORIZED_OUTPUT': '1', 'XDG_DATA_DIRS': '/usr/share/ubuntu:/usr/share/gnome:/usr/local/share/:/usr/share/:/var/lib/snapd/desktop', 'COLCON': '1', 'MEMORY_PRESSURE_WRITE': 'c29tZSAyMDAwMDAgMjAwMDAwMAA=', 'VTE_VERSION': '7600'}), 'shell': False}
[0.099593] (-) TimerEvent: {}
[0.200244] (-) TimerEvent: {}
[0.300761] (-) TimerEvent: {}
[0.401275] (-) TimerEvent: {}
[0.417883] (xarm_description) StdoutLine: {'line': b'-- The C compiler identification is GNU 13.3.0\n'}
[0.418617] (xarm_description) StdoutLine: {'line': b'-- The CXX compiler identification is GNU 13.3.0\n'}
[0.418916] (xarm_description) StdoutLine: {'line': b'-- Detecting C compiler ABI info\n'}
[0.419458] (xarm_msgs) StdoutLine: {'line': b'-- The C compiler identification is GNU 13.3.0\n'}
[0.420398] (xarm_msgs) StdoutLine: {'line': b'-- The CXX compiler identification is GNU 13.3.0\n'}
[0.420679] (xarm_msgs) StdoutLine: {'line': b'-- Detecting C compiler ABI info\n'}
[0.421289] (xarm_sdk) StdoutLine: {'line': b'-- The C compiler identification is GNU 13.3.0\n'}
[0.422280] (xarm_sdk) StdoutLine: {'line': b'-- The CXX compiler identification is GNU 13.3.0\n'}
[0.422570] (xarm_sdk) StdoutLine: {'line': b'-- Detecting C compiler ABI info\n'}
[0.423775] (realsense_gazebo_plugin) JobProgress: {'identifier': 'realsense_gazebo_plugin', 'progress': 'cmake'}
[0.425290] (realsense_gazebo_plugin) Command: {'cmd': ['/usr/bin/cmake', '/home/berenic/Documents/LPRS2_2026/Robo_Hand_RS485/ROS2/robo_hand_ws/src/xarm_ros2/thirdparty/realsense_gazebo_plugin', '-DAMENT_CMAKE_SYMLINK_INSTALL=1', '-DCMAKE_INSTALL_PREFIX=/home/berenic/Documents/LPRS2_2026/Robo_Hand_RS485/ROS2/install/realsense_gazebo_plugin'], 'cwd': '/home/berenic/Documents/LPRS2_2026/Robo_Hand_RS485/ROS2/build/realsense_gazebo_plugin', 'env': OrderedDict({'USER': 'berenic', 'XDG_SESSION_TYPE': 'wayland', 'CLUTTER_DISABLE_MIPMAPPED_TEXT': '1', 'SHLVL': '1', 'HOME': '/home/berenic', 'OLDPWD': '/home/berenic', 'DESKTOP_SESSION': 'ubuntu', 'GNOME_SHELL_SESSION_MODE': 'ubuntu', 'GTK_MODULES': 'gail:atk-bridge', 'SYSTEMD_EXEC_PID': '2427', 'GSM_SKIP_SSH_AGENT_WORKAROUND': 'true', 'DBUS_SESSION_BUS_ADDRESS': 'unix:path=/run/user/1000/bus', 'COLORTERM': 'truecolor', 'DEBUGINFOD_URLS': 'https://debuginfod.ubuntu.com', 'IM_CONFIG_PHASE': '1', 'WAYLAND_DISPLAY': 'wayland-0', 'LOGNAME': 'berenic', '_': '/usr/bin/colcon', 'MEMORY_PRESSURE_WATCH': '/sys/fs/cgroup/user.slice/user-1000.slice/user@1000.service/session.slice/org.gnome.Shell@wayland.service/memory.pressure', 'XDG_SESSION_CLASS': 'user', 'USERNAME': 'berenic', 'TERM': 'xterm-256color', 'GNOME_DESKTOP_SESSION_ID': 'this-is-deprecated', 'PATH': '/usr/local/sbin:/usr/local/bin:/usr/sbin:/usr/bin:/sbin:/bin:/usr/games:/usr/local/games:/snap/bin:/snap/bin', 'SESSION_MANAGER': 'local/berenic-ThinkBook-16-G6-ABP:@/tmp/.ICE-unix/2395,unix/berenic-ThinkBook-16-G6-ABP:/tmp/.ICE-unix/2395', 'XDG_MENU_PREFIX': 'gnome-', 'GNOME_TERMINAL_SCREEN': '/org/gnome/Terminal/screen/991e106d_ae44_42dc_b569_91ef3f87a031', 'GNOME_SETUP_DISPLAY': ':1', 'XDG_RUNTIME_DIR': '/run/user/1000', 'DISPLAY': ':0', 'LANG': 'en_US.UTF-8', 'XDG_CURRENT_DESKTOP': 'ubuntu:GNOME', 'XMODIFIERS': '@im=ibus', 'XDG_SESSION_DESKTOP': 'ubuntu', 'XAUTHORITY': '/run/user/1000/.mutter-Xwaylandauth.VYMIP3', 'GNOME_TERMINAL_SERVICE': ':1.146', 'SSH_AUTH_SOCK': '/run/user/1000/keyring/ssh', 'SHELL': '/bin/bash', 'QT_ACCESSIBILITY': '1', 'GDMSESSION': 'ubuntu', 'QT_IM_MODULE': 'ibus', 'PWD': '/home/berenic/Documents/LPRS2_2026/Robo_Hand_RS485/ROS2/build/realsense_gazebo_plugin', 'LC_ALL': 'en_US.UTF-8', 'XDG_CONFIG_DIRS': '/etc/xdg/xdg-ubuntu:/etc/xdg', 'RCUTILS_COLORIZED_OUTPUT': '1', 'XDG_DATA_DIRS': '/usr/share/ubuntu:/usr/share/gnome:/usr/local/share/:/usr/share/:/var/lib/snapd/desktop', 'COLCON': '1', 'MEMORY_PRESSURE_WRITE': 'c29tZSAyMDAwMDAgMjAwMDAwMAA=', 'VTE_VERSION': '7600'}), 'shell': False}
[0.501469] (-) TimerEvent: {}
[0.519079] (realsense_gazebo_plugin) StdoutLine: {'line': b'-- The C compiler identification is GNU 13.3.0\n'}
[0.561001] (xarm_description) StdoutLine: {'line': b'-- Detecting C compiler ABI info - done\n'}
[0.561463] (xarm_sdk) StdoutLine: {'line': b'-- Detecting C compiler ABI info - done\n'}
[0.561774] (xarm_msgs) StdoutLine: {'line': b'-- Detecting C compiler ABI info - done\n'}
[0.577097] (xarm_description) StdoutLine: {'line': b'-- Check for working C compiler: /usr/bin/cc - skipped\n'}
[0.577723] (xarm_description) StdoutLine: {'line': b'-- Detecting C compile features\n'}
[0.578072] (xarm_sdk) StdoutLine: {'line': b'-- Check for working C compiler: /usr/bin/cc - skipped\n'}
[0.578372] (xarm_sdk) StdoutLine: {'line': b'-- Detecting C compile features\n'}
[0.578712] (xarm_msgs) StdoutLine: {'line': b'-- Check for working C compiler: /usr/bin/cc - skipped\n'}
[0.579080] (xarm_description) StdoutLine: {'line': b'-- Detecting C compile features - done\n'}
[0.579423] (xarm_sdk) StdoutLine: {'line': b'-- Detecting C compile features - done\n'}
[0.579767] (xarm_msgs) StdoutLine: {'line': b'-- Detecting C compile features\n'}
[0.580100] (xarm_msgs) StdoutLine: {'line': b'-- Detecting C compile features - done\n'}
[0.596698] (xarm_description) StdoutLine: {'line': b'-- Detecting CXX compiler ABI info\n'}
[0.597076] (xarm_sdk) StdoutLine: {'line': b'-- Detecting CXX compiler ABI info\n'}
[0.597266] (xarm_msgs) StdoutLine: {'line': b'-- Detecting CXX compiler ABI info\n'}
[0.601580] (-) TimerEvent: {}
[0.622003] (realsense_gazebo_plugin) StdoutLine: {'line': b'-- The CXX compiler identification is GNU 13.3.0\n'}
[0.648262] (realsense_gazebo_plugin) StdoutLine: {'line': b'-- Detecting C compiler ABI info\n'}
[0.701799] (-) TimerEvent: {}
[0.758416] (xarm_description) StdoutLine: {'line': b'-- Detecting CXX compiler ABI info - done\n'}
[0.759284] (xarm_sdk) StdoutLine: {'line': b'-- Detecting CXX compiler ABI info - done\n'}
[0.759619] (xarm_msgs) StdoutLine: {'line': b'-- Detecting CXX compiler ABI info - done\n'}
[0.775432] (xarm_sdk) StdoutLine: {'line': b'-- Check for working CXX compiler: /usr/bin/c++ - skipped\n'}
[0.775989] (xarm_msgs) StdoutLine: {'line': b'-- Check for working CXX compiler: /usr/bin/c++ - skipped\n'}
[0.776328] (xarm_msgs) StdoutLine: {'line': b'-- Detecting CXX compile features\n'}
[0.776656] (xarm_sdk) StdoutLine: {'line': b'-- Detecting CXX compile features\n'}
[0.777015] (xarm_msgs) StdoutLine: {'line': b'-- Detecting CXX compile features - done\n'}
[0.777327] (xarm_sdk) StdoutLine: {'line': b'-- Detecting CXX compile features - done\n'}
[0.783086] (xarm_description) StdoutLine: {'line': b'-- Check for working CXX compiler: /usr/bin/c++ - skipped\n'}
[0.783661] (xarm_description) StdoutLine: {'line': b'-- Detecting CXX compile features\n'}
[0.784787] (xarm_description) StdoutLine: {'line': b'-- Detecting CXX compile features - done\n'}
[0.797450] (realsense_gazebo_plugin) StdoutLine: {'line': b'-- Detecting C compiler ABI info - done\n'}
[0.799293] (xarm_msgs) StderrLine: {'line': b'\x1b[31mCMake Error at CMakeLists.txt:19 (find_package):\n'}
[0.799981] (xarm_msgs) StderrLine: {'line': b'  By not providing "Findament_cmake.cmake" in CMAKE_MODULE_PATH this project\n'}
[0.800233] (xarm_msgs) StderrLine: {'line': b'  has asked CMake to find a package configuration file provided by\n'}
[0.800416] (xarm_msgs) StderrLine: {'line': b'  "ament_cmake", but CMake did not find one.\n'}
[0.800583] (xarm_msgs) StderrLine: {'line': b'\n'}
[0.800759] (xarm_msgs) StderrLine: {'line': b'  Could not find a package configuration file provided by "ament_cmake" with\n'}
[0.800936] (xarm_msgs) StderrLine: {'line': b'  any of the following names:\n'}
[0.801089] (xarm_msgs) StderrLine: {'line': b'\n'}
[0.801238] (xarm_msgs) StderrLine: {'line': b'    ament_cmakeConfig.cmake\n'}
[0.801393] (xarm_msgs) StderrLine: {'line': b'    ament_cmake-config.cmake\n'}
[0.801545] (xarm_msgs) StderrLine: {'line': b'\n'}
[0.801692] (xarm_msgs) StderrLine: {'line': b'  Add the installation prefix of "ament_cmake" to CMAKE_PREFIX_PATH or set\n'}
[0.801867] (-) TimerEvent: {}
[0.802101] (xarm_msgs) StderrLine: {'line': b'  "ament_cmake_DIR" to a directory containing one of the above files.  If\n'}
[0.802287] (xarm_msgs) StderrLine: {'line': b'  "ament_cmake" provides a separate development package or SDK, be sure it\n'}
[0.802458] (xarm_msgs) StderrLine: {'line': b'  has been installed.\n'}
[0.802620] (xarm_msgs) StderrLine: {'line': b'\n'}
[0.802798] (xarm_msgs) StderrLine: {'line': b'\x1b[0m\n'}
[0.802968] (xarm_msgs) StdoutLine: {'line': b'-- Configuring incomplete, errors occurred!\n'}
[0.803143] (xarm_sdk) StderrLine: {'line': b'\x1b[31mCMake Error at CMakeLists.txt:25 (find_package):\n'}
[0.803353] (xarm_sdk) StderrLine: {'line': b'  By not providing "Findament_cmake.cmake" in CMAKE_MODULE_PATH this project\n'}
[0.803507] (xarm_sdk) StderrLine: {'line': b'  has asked CMake to find a package configuration file provided by\n'}
[0.803664] (xarm_sdk) StderrLine: {'line': b'  "ament_cmake", but CMake did not find one.\n'}
[0.803860] (xarm_sdk) StderrLine: {'line': b'\n'}
[0.804074] (xarm_sdk) StderrLine: {'line': b'  Could not find a package configuration file provided by "ament_cmake" with\n'}
[0.804264] (xarm_sdk) StderrLine: {'line': b'  any of the following names:\n'}
[0.804432] (xarm_sdk) StderrLine: {'line': b'\n'}
[0.804595] (xarm_sdk) StderrLine: {'line': b'    ament_cmakeConfig.cmake\n'}
[0.804777] (xarm_sdk) StderrLine: {'line': b'    ament_cmake-config.cmake\n'}
[0.804960] (xarm_sdk) StderrLine: {'line': b'\n'}
[0.805120] (xarm_sdk) StderrLine: {'line': b'  Add the installation prefix of "ament_cmake" to CMAKE_PREFIX_PATH or set\n'}
[0.805270] (xarm_sdk) StderrLine: {'line': b'  "ament_cmake_DIR" to a directory containing one of the above files.  If\n'}
[0.805415] (xarm_sdk) StderrLine: {'line': b'  "ament_cmake" provides a separate development package or SDK, be sure it\n'}
[0.805561] (xarm_sdk) StderrLine: {'line': b'  has been installed.\n'}
[0.805701] (xarm_sdk) StderrLine: {'line': b'\n'}
[0.805873] (xarm_sdk) StderrLine: {'line': b'\x1b[0m\n'}
[0.806027] (xarm_sdk) StdoutLine: {'line': b'-- Configuring incomplete, errors occurred!\n'}
[0.807446] (xarm_msgs) CommandEnded: {'returncode': 1}
[0.809719] (xarm_description) StderrLine: {'line': b'\x1b[31mCMake Error at CMakeLists.txt:19 (find_package):\n'}
[0.810209] (xarm_description) StderrLine: {'line': b'  By not providing "Findament_cmake.cmake" in CMAKE_MODULE_PATH this project\n'}
[0.810365] (xarm_description) StderrLine: {'line': b'  has asked CMake to find a package configuration file provided by\n'}
[0.810500] (xarm_description) StderrLine: {'line': b'  "ament_cmake", but CMake did not find one.\n'}
[0.810630] (xarm_description) StderrLine: {'line': b'\n'}
[0.810775] (xarm_description) StderrLine: {'line': b'  Could not find a package configuration file provided by "ament_cmake" with\n'}
[0.810917] (xarm_description) StderrLine: {'line': b'  any of the following names:\n'}
[0.811135] (xarm_description) StderrLine: {'line': b'\n'}
[0.811259] (xarm_description) StderrLine: {'line': b'    ament_cmakeConfig.cmake\n'}
[0.811380] (xarm_description) StderrLine: {'line': b'    ament_cmake-config.cmake\n'}
[0.811498] (xarm_description) StderrLine: {'line': b'\n'}
[0.811614] (xarm_description) StderrLine: {'line': b'  Add the installation prefix of "ament_cmake" to CMAKE_PREFIX_PATH or set\n'}
[0.811749] (xarm_description) StderrLine: {'line': b'  "ament_cmake_DIR" to a directory containing one of the above files.  If\n'}
[0.811895] (xarm_description) StderrLine: {'line': b'  "ament_cmake" provides a separate development package or SDK, be sure it\n'}
[0.812018] (xarm_description) StderrLine: {'line': b'  has been installed.\n'}
[0.812137] (xarm_description) StderrLine: {'line': b'\n'}
[0.812254] (xarm_description) StderrLine: {'line': b'\x1b[0m\n'}
[0.812374] (xarm_description) StdoutLine: {'line': b'-- Configuring incomplete, errors occurred!\n'}
[0.813455] (realsense_gazebo_plugin) StdoutLine: {'line': b'-- Check for working C compiler: /usr/bin/cc - skipped\n'}
[0.814045] (realsense_gazebo_plugin) StdoutLine: {'line': b'-- Detecting C compile features\n'}
[0.814901] (xarm_sdk) CommandEnded: {'returncode': 1}
[0.815500] (realsense_gazebo_plugin) StdoutLine: {'line': b'-- Detecting C compile features - done\n'}
[0.818752] (xarm_description) CommandEnded: {'returncode': 1}
[0.834838] (realsense_gazebo_plugin) StdoutLine: {'line': b'-- Detecting CXX compiler ABI info\n'}
[0.851451] (xarm_msgs) JobEnded: {'identifier': 'xarm_msgs', 'rc': 1}
[0.853490] (xarm_sdk) JobEnded: {'identifier': 'xarm_sdk', 'rc': 'SIGINT'}
[0.854174] (xarm_description) JobEnded: {'identifier': 'xarm_description', 'rc': 'SIGINT'}
[0.902056] (-) TimerEvent: {}
[1.002594] (-) TimerEvent: {}
[1.013463] (realsense_gazebo_plugin) StdoutLine: {'line': b'-- Detecting CXX compiler ABI info - done\n'}
[1.029465] (realsense_gazebo_plugin) StdoutLine: {'line': b'-- Check for working CXX compiler: /usr/bin/c++ - skipped\n'}
[1.030018] (realsense_gazebo_plugin) StdoutLine: {'line': b'-- Detecting CXX compile features\n'}
[1.030815] (realsense_gazebo_plugin) StdoutLine: {'line': b'-- Detecting CXX compile features - done\n'}
[1.050784] (realsense_gazebo_plugin) StderrLine: {'line': b'\x1b[31mCMake Error at CMakeLists.txt:17 (find_package):\n'}
[1.051093] (realsense_gazebo_plugin) StderrLine: {'line': b'  By not providing "Findament_cmake.cmake" in CMAKE_MODULE_PATH this project\n'}
[1.051281] (realsense_gazebo_plugin) StderrLine: {'line': b'  has asked CMake to find a package configuration file provided by\n'}
[1.051447] (realsense_gazebo_plugin) StderrLine: {'line': b'  "ament_cmake", but CMake did not find one.\n'}
[1.051616] (realsense_gazebo_plugin) StderrLine: {'line': b'\n'}
[1.051875] (realsense_gazebo_plugin) StderrLine: {'line': b'  Could not find a package configuration file provided by "ament_cmake" with\n'}
[1.052162] (realsense_gazebo_plugin) StderrLine: {'line': b'  any of the following names:\n'}
[1.052346] (realsense_gazebo_plugin) StderrLine: {'line': b'\n'}
[1.052564] (realsense_gazebo_plugin) StderrLine: {'line': b'    ament_cmakeConfig.cmake\n'}
[1.052768] (realsense_gazebo_plugin) StderrLine: {'line': b'    ament_cmake-config.cmake\n'}
[1.052956] (realsense_gazebo_plugin) StderrLine: {'line': b'\n'}
[1.053092] (realsense_gazebo_plugin) StderrLine: {'line': b'  Add the installation prefix of "ament_cmake" to CMAKE_PREFIX_PATH or set\n'}
[1.053223] (realsense_gazebo_plugin) StderrLine: {'line': b'  "ament_cmake_DIR" to a directory containing one of the above files.  If\n'}
[1.053373] (realsense_gazebo_plugin) StderrLine: {'line': b'  "ament_cmake" provides a separate development package or SDK, be sure it\n'}
[1.053490] (realsense_gazebo_plugin) StderrLine: {'line': b'  has been installed.\n'}
[1.053603] (realsense_gazebo_plugin) StderrLine: {'line': b'\n'}
[1.053711] (realsense_gazebo_plugin) StderrLine: {'line': b'\x1b[0m\n'}
[1.053904] (realsense_gazebo_plugin) StdoutLine: {'line': b'-- Configuring incomplete, errors occurred!\n'}
[1.058165] (realsense_gazebo_plugin) JobEnded: {'identifier': 'realsense_gazebo_plugin', 'rc': 'SIGINT'}
[1.103049] (-) TimerEvent: {}
[1.203484] (-) TimerEvent: {}
[1.303995] (-) TimerEvent: {}
[1.404428] (-) TimerEvent: {}
[1.460054] (uf_ros_lib) JobEnded: {'identifier': 'uf_ros_lib', 'rc': 'SIGINT'}
[1.471199] (mbot_demo) JobSkipped: {'identifier': 'mbot_demo'}
[1.471311] (xarm_api) JobSkipped: {'identifier': 'xarm_api'}
[1.471356] (xarm_controller) JobSkipped: {'identifier': 'xarm_controller'}
[1.471511] (xarm_gazebo) JobSkipped: {'identifier': 'xarm_gazebo'}
[1.471566] (xarm_moveit_config) JobSkipped: {'identifier': 'xarm_moveit_config'}
[1.471839] (xarm_moveit_servo) JobSkipped: {'identifier': 'xarm_moveit_servo'}
[1.471906] (xarm_planner) JobSkipped: {'identifier': 'xarm_planner'}
[1.471949] (glue_events_routines) JobSkipped: {'identifier': 'glue_events_routines'}
[1.471991] (-) EventReactorShutdown: {}
