[0.018s] Invoking command in '/home/berenic/Documents/LPRS2_2026/Robo_Hand_RS485/ROS2/robo_hand_ws/src/build/xarm_gazebo': AMENT_PREFIX_PATH=/home/berenic/Documents/LPRS2_2026/Robo_Hand_RS485/ROS2/robo_hand_ws/src/install/xarm_controller:/home/berenic/Documents/LPRS2_2026/Robo_Hand_RS485/ROS2/robo_hand_ws/src/install/xarm_api:/home/berenic/Documents/LPRS2_2026/Robo_Hand_RS485/ROS2/robo_hand_ws/src/install/xarm_sdk:/home/berenic/Documents/LPRS2_2026/Robo_Hand_RS485/ROS2/robo_hand_ws/src/install/xarm_msgs:/home/berenic/Documents/LPRS2_2026/Robo_Hand_RS485/ROS2/robo_hand_ws/src/install/xarm_description:/home/berenic/Documents/LPRS2_2026/Robo_Hand_RS485/ROS2/robo_hand_ws/src/install/uf_ros_lib:${AMENT_PREFIX_PATH} CMAKE_PREFIX_PATH=/home/berenic/Documents/LPRS2_2026/Robo_Hand_RS485/ROS2/robo_hand_ws/src/install/xarm_controller:/home/berenic/Documents/LPRS2_2026/Robo_Hand_RS485/ROS2/robo_hand_ws/src/install/xarm_api:/home/berenic/Documents/LPRS2_2026/Robo_Hand_RS485/ROS2/robo_hand_ws/src/install/xarm_sdk:/home/berenic/Documents/LPRS2_2026/Robo_Hand_RS485/ROS2/robo_hand_ws/src/install/xarm_msgs:/home/berenic/Documents/LPRS2_2026/Robo_Hand_RS485/ROS2/robo_hand_ws/src/install/xarm_description:/opt/ros/jazzy/opt/gz_sim_vendor:/opt/ros/jazzy/opt/gz_sensors_vendor:/opt/ros/jazzy/opt/gz_physics_vendor:/opt/ros/jazzy/opt/sdformat_vendor:/opt/ros/jazzy/opt/gz_gui_vendor:/opt/ros/jazzy/opt/gz_transport_vendor:/opt/ros/jazzy/opt/gz_rendering_vendor:/opt/ros/jazzy/opt/gz_plugin_vendor:/opt/ros/jazzy/opt/gz_fuel_tools_vendor:/opt/ros/jazzy/opt/gz_msgs_vendor:/opt/ros/jazzy/opt/gz_common_vendor:/opt/ros/jazzy/opt/gz_math_vendor:/opt/ros/jazzy/opt/gz_utils_vendor:/opt/ros/jazzy/opt/gz_tools_vendor:/opt/ros/jazzy/opt/gz_ogre_next_vendor:/opt/ros/jazzy/opt/gz_dartsim_vendor:/opt/ros/jazzy/opt/gz_cmake_vendor:/opt/ros/jazzy DEBUGINFOD_URLS=https://debuginfod.ubuntu.com LD_LIBRARY_PATH=/home/berenic/Documents/LPRS2_2026/Robo_Hand_RS485/ROS2/robo_hand_ws/src/install/xarm_controller/lib:/home/berenic/Documents/LPRS2_2026/Robo_Hand_RS485/ROS2/robo_hand_ws/src/install/xarm_api/lib:/home/berenic/Documents/LPRS2_2026/Robo_Hand_RS485/ROS2/robo_hand_ws/src/install/xarm_sdk/lib:/home/berenic/Documents/LPRS2_2026/Robo_Hand_RS485/ROS2/robo_hand_ws/src/install/xarm_msgs/lib:${LD_LIBRARY_PATH} PYTHONPATH=/home/berenic/Documents/LPRS2_2026/Robo_Hand_RS485/ROS2/robo_hand_ws/src/install/xarm_msgs/lib/python3.12/site-packages:/home/berenic/Documents/LPRS2_2026/Robo_Hand_RS485/ROS2/robo_hand_ws/src/build/uf_ros_lib:/home/berenic/Documents/LPRS2_2026/Robo_Hand_RS485/ROS2/robo_hand_ws/src/install/uf_ros_lib/lib/python3.12/site-packages:${PYTHONPATH} /usr/bin/cmake /home/berenic/Documents/LPRS2_2026/Robo_Hand_RS485/ROS2/robo_hand_ws/src/xarm_ros2/xarm_gazebo -DAMENT_CMAKE_SYMLINK_INSTALL=1 -DCMAKE_INSTALL_PREFIX=/home/berenic/Documents/LPRS2_2026/Robo_Hand_RS485/ROS2/robo_hand_ws/src/install/xarm_gazebo
[0.076s] -- The C compiler identification is GNU 13.3.0
[0.129s] -- The CXX compiler identification is GNU 13.3.0
[0.146s] -- Detecting C compiler ABI info
[0.253s] -- Detecting C compiler ABI info - done
[0.261s] -- Check for working C compiler: /usr/bin/cc - skipped
[0.261s] -- Detecting C compile features
[0.261s] -- Detecting C compile features - done
[0.271s] -- Detecting CXX compiler ABI info
[0.378s] -- Detecting CXX compiler ABI info - done
[0.387s] -- Check for working CXX compiler: /usr/bin/c++ - skipped
[0.387s] -- Detecting CXX compile features
[0.387s] -- Detecting CXX compile features - done
[0.393s] -- Found ament_cmake: 2.5.5 (/opt/ros/jazzy/share/ament_cmake/cmake)
[0.558s] -- Found Python3: /usr/bin/python3 (found version "3.12.3") found components: Interpreter 
[0.631s] -- Override CMake install command with custom implementation using symlinks instead of copying resources
[0.701s] -- Looking for gz-sim8 -- found version 8.10.0
[0.712s] -- Searching for dependencies of gz-sim8
[0.714s] -- Looking for sdformat14 -- found version 14.8.0
[0.714s] -- Searching for dependencies of sdformat14
[0.719s] -- Checking for module 'tinyxml2'
[0.735s] --   Found tinyxml2, version 10.0.0
[0.780s] -- Looking for gz-math7 -- found version 7.5.2
[0.780s] -- Searching for dependencies of gz-math7
[0.783s] -- Looking for gz-utils2 -- found version 2.2.1
[0.783s] -- Searching for dependencies of gz-utils2
[0.786s] -- Looking for gz-utils2 -- found version 2.2.1
[0.786s] -- Searching for dependencies of gz-utils2
[0.786s] -- Searching for <gz-utils2> component [cli]
[0.789s] -- Looking for gz-utils2-cli -- found version 2.2.1
[0.789s] -- Searching for dependencies of gz-utils2-cli
[0.793s] -- Looking for gz-plugin2 -- found version 2.0.4
[0.794s] -- Searching for dependencies of gz-plugin2
[0.794s] -- Looking for gz-utils2 -- found version 2.2.1
[0.794s] -- Searching for <gz-plugin2> component [loader]
[0.797s] -- Looking for gz-plugin2-loader -- found version 2.0.4
[0.797s] -- Searching for dependencies of gz-plugin2-loader
[0.798s] -- Searching for <gz-plugin2> component [register]
[0.800s] -- Looking for gz-plugin2-register -- found version 2.0.4
[0.800s] -- Searching for dependencies of gz-plugin2-register
[0.803s] -- Looking for gz-transport13 -- found version 13.5.0
[0.803s] -- Searching for dependencies of gz-transport13
[0.938s] -- Found Protobuf: /usr/lib/x86_64-linux-gnu/libprotobuf.so (found version "3.21.12") 
[0.952s] -- Config-file not installed for ZeroMQ -- checking for pkg-config
[0.956s] -- Checking for module 'libzmq >= 4'
[0.971s] --   Found libzmq, version 4.3.5
[1.018s] -- Found ZeroMQ: TRUE (Required is at least version "4") 
[1.024s] -- Checking for module 'uuid'
[1.042s] --   Found uuid, version 2.39.3
[1.076s] -- Found UUID: TRUE  
[1.076s] -- Looking for gz-utils2 -- found version 2.2.1
[1.080s] -- Looking for gz-msgs10 -- found version 10.3.2
[1.080s] -- Searching for dependencies of gz-msgs10
[1.101s] -- Looking for gz-utils2 -- found version 2.2.1
[1.102s] -- Looking for gz-math7 -- found version 7.5.2
[1.109s] -- Searching for <gz-transport13> component [log]
[1.111s] -- Looking for gz-transport13-log -- found version 13.5.0
[1.111s] -- Searching for dependencies of gz-transport13-log
[1.112s] -- Searching for <gz-transport13> component [parameters]
[1.114s] -- Looking for gz-transport13-parameters -- found version 13.5.0
[1.114s] -- Searching for dependencies of gz-transport13-parameters
[1.115s] -- Looking for gz-msgs10 -- found version 10.3.2
[1.117s] -- Looking for gz-common5 -- found version 5.7.1
[1.118s] -- Searching for dependencies of gz-common5
[1.118s] -- Looking for gz-utils2 -- found version 2.2.1
[1.118s] -- Looking for dlfcn.h - found
[1.121s] -- Looking for libdl - found
[1.123s] -- Found DL: TRUE  
[1.130s] -- Searching for <gz-common5> component [av]
[1.133s] -- Looking for gz-common5-av -- found version 5.7.1
[1.133s] -- Searching for dependencies of gz-common5-av
[1.139s] -- Checking for module 'libswscale'
[1.155s] --   Found libswscale, version 7.5.100
[1.190s] -- Found SWSCALE: TRUE  
[1.195s] -- Checking for module 'libavdevice >= 56.4.100'
[1.210s] --   Found libavdevice, version 60.3.100
[1.257s] -- Found AVDEVICE: TRUE (Required is at least version "56.4.100") 
[1.262s] -- Checking for module 'libavformat'
[1.277s] --   Found libavformat, version 60.16.100
[1.322s] -- Found AVFORMAT: TRUE  
[1.329s] -- Checking for module 'libavcodec'
[1.349s] --   Found libavcodec, version 60.31.102
[1.388s] -- Found AVCODEC: TRUE  
[1.393s] -- Checking for module 'libavutil'
[1.408s] --   Found libavutil, version 58.29.100
[1.443s] -- Found AVUTIL: TRUE  
[1.444s] -- Searching for <gz-common5> component [events]
[1.446s] -- Looking for gz-common5-events -- found version 5.7.1
[1.447s] -- Searching for dependencies of gz-common5-events
[1.447s] -- Looking for gz-math7 -- found version 7.5.2
[1.448s] -- Searching for <gz-common5> component [graphics]
[1.450s] -- Looking for gz-common5-graphics -- found version 5.7.1
[1.450s] -- Searching for dependencies of gz-common5-graphics
[1.451s] -- Looking for gz-math7 -- found version 7.5.2
[1.457s] -- Found GzAssimp: TRUE (found version "5.3.0") 
[1.458s] -- Searching for <gz-common5> component [io]
[1.460s] -- Looking for gz-common5-io -- found version 5.7.1
[1.460s] -- Searching for dependencies of gz-common5-io
[1.461s] -- Searching for <gz-common5> component [profiler]
[1.465s] -- Looking for gz-common5-profiler -- found version 5.7.1
[1.465s] -- Searching for dependencies of gz-common5-profiler
[1.468s] -- Looking for gz-fuel_tools9 -- found version 9.1.1
[1.468s] -- Searching for dependencies of gz-fuel_tools9
[1.562s] -- Found CURL: /usr/lib/x86_64-linux-gnu/libcurl.so (found version "8.5.0")  
[1.574s] -- Checking for module 'jsoncpp'
[1.590s] --   Found jsoncpp, version 1.9.5
[1.625s] -- Found JSONCPP: TRUE  
[1.650s] -- Checking for module 'yaml-0.1'
[1.676s] --   Found yaml-0.1, version 0.2.5
[1.719s] -- Found YAML: TRUE  
[1.724s] -- Checking for module 'libzip'
[1.740s] --   Found libzip, version 1.7.3
[1.773s] -- Found ZIP: TRUE  
[1.774s] -- Looking for gz-utils2 -- found version 2.2.1
[1.774s] -- Looking for gz-common5 -- found version 5.7.1
[1.774s] -- Searching for dependencies of gz-common5
[1.774s] -- Looking for gz-utils2 -- found version 2.2.1
[1.775s] -- Looking for dlfcn.h - found
[1.775s] -- Looking for libdl - found
[1.782s] -- Searching for <gz-common5> component [testing]
[1.785s] -- Looking for gz-common5-testing -- found version 5.7.1
[1.785s] -- Searching for dependencies of gz-common5-testing
[1.786s] -- Looking for gz-math7 -- found version 7.5.2
[1.787s] -- Looking for gz-msgs10 -- found version 10.3.2
[1.790s] -- Looking for gz-gui8 -- found version 8.4.0
[1.790s] -- Searching for dependencies of gz-gui8
[1.817s] -- Looking for gz-utils2 -- found version 2.2.1
[1.818s] -- Looking for gz-math7 -- found version 7.5.2
[1.818s] -- Looking for gz-common5 -- found version 5.7.1
[1.818s] -- Looking for gz-plugin2 -- found version 2.0.4
[1.819s] -- Looking for gz-transport13 -- found version 13.5.0
[1.822s] -- Looking for gz-rendering8 -- found version 8.2.3
[1.822s] -- Searching for dependencies of gz-rendering8
[1.822s] -- Looking for gz-math7 -- found version 7.5.2
[1.822s] -- Searching for dependencies of gz-math7
[1.823s] -- Looking for gz-utils2 -- found version 2.2.1
[1.823s] -- Searching for <gz-math7> component [eigen3]
[1.825s] -- Looking for gz-math7-eigen3 -- found version 7.5.2
[1.826s] -- Searching for dependencies of gz-math7-eigen3
[1.837s] -- Looking for gz-common5 -- found version 5.7.1
[1.838s] -- Searching for dependencies of gz-common5
[1.838s] -- Looking for gz-utils2 -- found version 2.2.1
[1.838s] -- Looking for dlfcn.h - found
[1.838s] -- Looking for libdl - found
[1.846s] -- Searching for <gz-common5> component [graphics]
[1.846s] -- Searching for <gz-common5> component [events]
[1.846s] -- Searching for <gz-common5> component [geospatial]
[1.848s] -- Looking for gz-common5-geospatial -- found version 5.7.1
[1.849s] -- Searching for dependencies of gz-common5-geospatial
[1.849s] -- Looking for gz-math7 -- found version 7.5.2
[1.849s] -- Looking for gz-common5 -- found version 5.7.1
[1.850s] -- Looking for gz-plugin2 -- found version 2.0.4
[1.851s] -- Searching for dependencies of gz-plugin2
[1.851s] -- Looking for gz-utils2 -- found version 2.2.1
[1.851s] -- Searching for <gz-plugin2> component [all]
[1.854s] -- Looking for all libraries of gz-plugin2 -- found version 2.0.4
[1.854s] -- Looking for gz-plugin2 -- found version 2.0.4
[1.855s] -- Looking for gz-utils2 -- found version 2.2.1
[1.869s] -- Found OpenGL: /usr/lib/x86_64-linux-gnu/libOpenGL.so  found components: OpenGL 
[1.870s] -- Looking for gz-msgs10 -- found version 10.3.2
[1.903s] -- Looking for gz-physics7 -- found version 7.6.0
[1.903s] -- Searching for dependencies of gz-physics7
[1.903s] -- Looking for gz-common5 -- found version 5.7.1
[1.904s] -- Looking for gz-math7 -- found version 7.5.2
[1.904s] -- Looking for gz-plugin2 -- found version 2.0.4
[1.904s] -- Looking for gz-utils2 -- found version 2.2.1
[1.905s] -- Searching for <gz-physics7> component [heightmap]
[1.907s] -- Looking for gz-physics7-heightmap -- found version 7.6.0
[1.907s] -- Searching for dependencies of gz-physics7-heightmap
[1.908s] -- Looking for gz-common5 -- found version 5.7.1
[1.908s] -- Searching for <gz-physics7> component [mesh]
[1.910s] -- Looking for gz-physics7-mesh -- found version 7.6.0
[1.910s] -- Searching for dependencies of gz-physics7-mesh
[1.910s] -- Looking for gz-common5 -- found version 5.7.1
[1.911s] -- Searching for <gz-physics7> component [sdf]
[1.913s] -- Looking for gz-physics7-sdf -- found version 7.6.0
[1.913s] -- Searching for dependencies of gz-physics7-sdf
[1.913s] -- Looking for sdformat14 -- found version 14.8.0
[1.916s] -- Looking for gz-sensors8 -- found version 8.2.2
[1.916s] -- Searching for dependencies of gz-sensors8
[1.938s] -- Looking for gz-math7 -- found version 7.5.2
[1.939s] -- Looking for gz-common5 -- found version 5.7.1
[1.939s] -- Looking for gz-transport13 -- found version 13.5.0
[1.940s] -- Looking for gz-rendering8 -- found version 8.2.3
[1.940s] -- Looking for gz-msgs10 -- found version 10.3.2
[1.940s] -- Looking for sdformat14 -- found version 14.8.0
[1.941s] -- Searching for <gz-sensors8> component [air_pressure]
[1.943s] -- Looking for gz-sensors8-air_pressure -- found version 8.2.2
[1.943s] -- Searching for dependencies of gz-sensors8-air_pressure
[1.944s] -- Searching for <gz-sensors8> component [air_speed]
[1.946s] -- Looking for gz-sensors8-air_speed -- found version 8.2.2
[1.946s] -- Searching for dependencies of gz-sensors8-air_speed
[1.947s] -- Searching for <gz-sensors8> component [altimeter]
[1.948s] -- Looking for gz-sensors8-altimeter -- found version 8.2.2
[1.948s] -- Searching for dependencies of gz-sensors8-altimeter
[1.949s] -- Searching for <gz-sensors8> component [imu]
[1.951s] -- Looking for gz-sensors8-imu -- found version 8.2.2
[1.951s] -- Searching for dependencies of gz-sensors8-imu
[1.951s] -- Searching for <gz-sensors8> component [force_torque]
[1.953s] -- Looking for gz-sensors8-force_torque -- found version 8.2.2
[1.953s] -- Searching for dependencies of gz-sensors8-force_torque
[1.954s] -- Searching for <gz-sensors8> component [logical_camera]
[1.956s] -- Looking for gz-sensors8-logical_camera -- found version 8.2.2
[1.956s] -- Searching for dependencies of gz-sensors8-logical_camera
[1.957s] -- Searching for <gz-sensors8> component [magnetometer]
[1.958s] -- Looking for gz-sensors8-magnetometer -- found version 8.2.2
[1.959s] -- Searching for dependencies of gz-sensors8-magnetometer
[1.959s] -- Searching for <gz-sensors8> component [navsat]
[1.961s] -- Looking for gz-sensors8-navsat -- found version 8.2.2
[1.961s] -- Searching for dependencies of gz-sensors8-navsat
[1.962s] -- Searching for <gz-sensors8> component [dvl]
[1.964s] -- Looking for gz-sensors8-dvl -- found version 8.2.2
[1.964s] -- Searching for dependencies of gz-sensors8-dvl
[1.964s] -- Looking for gz-sensors8 -- found version 8.2.2
[1.964s] -- Searching for dependencies of gz-sensors8
[1.989s] -- Looking for gz-math7 -- found version 7.5.2
[1.989s] -- Looking for gz-common5 -- found version 5.7.1
[1.990s] -- Looking for gz-transport13 -- found version 13.5.0
[1.990s] -- Looking for gz-rendering8 -- found version 8.2.3
[1.990s] -- Looking for gz-msgs10 -- found version 10.3.2
[1.991s] -- Looking for sdformat14 -- found version 14.8.0
[1.991s] -- Searching for <gz-sensors8> component [rendering]
[1.993s] -- Looking for gz-sensors8-rendering -- found version 8.2.2
[1.993s] -- Searching for dependencies of gz-sensors8-rendering
[1.995s] -- Searching for <gz-sensors8> component [rendering]
[1.995s] -- Searching for <gz-sensors8> component [lidar]
[1.997s] -- Looking for gz-sensors8-lidar -- found version 8.2.2
[1.997s] -- Searching for dependencies of gz-sensors8-lidar
[1.997s] -- Looking for gz-sensors8 -- found version 8.2.2
[1.998s] -- Searching for <gz-sensors8> component [gpu_lidar]
[2.000s] -- Looking for gz-sensors8-gpu_lidar -- found version 8.2.2
[2.000s] -- Searching for dependencies of gz-sensors8-gpu_lidar
[2.000s] -- Looking for gz-sensors8 -- found version 8.2.2
[2.001s] -- Searching for <gz-sensors8> component [camera]
[2.003s] -- Looking for gz-sensors8-camera -- found version 8.2.2
[2.003s] -- Searching for dependencies of gz-sensors8-camera
[2.003s] -- Looking for gz-sensors8 -- found version 8.2.2
[2.004s] -- Searching for <gz-sensors8> component [boundingbox_camera]
[2.006s] -- Looking for gz-sensors8-boundingbox_camera -- found version 8.2.2
[2.006s] -- Searching for dependencies of gz-sensors8-boundingbox_camera
[2.006s] -- Searching for <gz-sensors8> component [segmentation_camera]
[2.008s] -- Looking for gz-sensors8-segmentation_camera -- found version 8.2.2
[2.008s] -- Searching for dependencies of gz-sensors8-segmentation_camera
[2.009s] -- Searching for <gz-sensors8> component [depth_camera]
[2.011s] -- Looking for gz-sensors8-depth_camera -- found version 8.2.2
[2.011s] -- Searching for dependencies of gz-sensors8-depth_camera
[2.011s] -- Looking for gz-sensors8 -- found version 8.2.2
[2.012s] -- Searching for <gz-sensors8> component [rgbd_camera]
[2.014s] -- Looking for gz-sensors8-rgbd_camera -- found version 8.2.2
[2.014s] -- Searching for dependencies of gz-sensors8-rgbd_camera
[2.014s] -- Looking for gz-sensors8 -- found version 8.2.2
[2.015s] -- Searching for <gz-sensors8> component [thermal_camera]
[2.017s] -- Looking for gz-sensors8-thermal_camera -- found version 8.2.2
[2.017s] -- Searching for dependencies of gz-sensors8-thermal_camera
[2.018s] -- Looking for gz-sensors8 -- found version 8.2.2
[2.019s] -- Searching for <gz-sensors8> component [wide_angle_camera]
[2.020s] -- Looking for gz-sensors8-wide_angle_camera -- found version 8.2.2
[2.021s] -- Searching for dependencies of gz-sensors8-wide_angle_camera
[2.022s] -- Looking for gz-rendering8 -- found version 8.2.3
[2.023s] -- Looking for gz-math7 -- found version 7.5.2
[2.023s] -- Looking for gz-utils2 -- found version 2.2.1
[2.048s] -- Looking for sdformat14 -- found version 14.8.0
[2.052s] -- Found ament_lint_auto: 0.17.4 (/opt/ros/jazzy/share/ament_lint_auto/cmake)
[2.179s] -- Added test 'copyright' to check source files copyright and LICENSE
[2.181s] -- Added test 'cppcheck' to perform static code analysis on C / C++ code
[2.182s] -- Configured cppcheck include dirs: /home/berenic/Documents/LPRS2_2026/Robo_Hand_RS485/ROS2/robo_hand_ws/src/xarm_ros2/xarm_gazebo/include
[2.182s] -- Configured cppcheck exclude dirs and/or files: 
[2.184s] -- Added test 'cpplint' to check C / C++ code against the Google style
[2.184s] -- Configured cpplint exclude dirs and/or files: 
[2.185s] -- Added test 'flake8' to check Python code syntax and style conventions
[2.185s] -- Configured 'flake8' exclude dirs and/or files: 
[2.186s] -- Added test 'lint_cmake' to check CMake code style
[2.186s] -- Added test 'pep257' to check Python code against some of the docstring style conventions in PEP 257
[2.188s] -- Added test 'uncrustify' to check C / C++ code style
[2.189s] -- Configured uncrustify additional arguments: 
[2.189s] -- Added test 'xmllint' to check XML markup files
[2.192s] -- Configuring done (2.2s)
[2.209s] -- Generating done (0.0s)
[2.213s] -- Build files have been written to: /home/berenic/Documents/LPRS2_2026/Robo_Hand_RS485/ROS2/robo_hand_ws/src/build/xarm_gazebo
[2.225s] Invoked command in '/home/berenic/Documents/LPRS2_2026/Robo_Hand_RS485/ROS2/robo_hand_ws/src/build/xarm_gazebo' returned '0': AMENT_PREFIX_PATH=/home/berenic/Documents/LPRS2_2026/Robo_Hand_RS485/ROS2/robo_hand_ws/src/install/xarm_controller:/home/berenic/Documents/LPRS2_2026/Robo_Hand_RS485/ROS2/robo_hand_ws/src/install/xarm_api:/home/berenic/Documents/LPRS2_2026/Robo_Hand_RS485/ROS2/robo_hand_ws/src/install/xarm_sdk:/home/berenic/Documents/LPRS2_2026/Robo_Hand_RS485/ROS2/robo_hand_ws/src/install/xarm_msgs:/home/berenic/Documents/LPRS2_2026/Robo_Hand_RS485/ROS2/robo_hand_ws/src/install/xarm_description:/home/berenic/Documents/LPRS2_2026/Robo_Hand_RS485/ROS2/robo_hand_ws/src/install/uf_ros_lib:${AMENT_PREFIX_PATH} CMAKE_PREFIX_PATH=/home/berenic/Documents/LPRS2_2026/Robo_Hand_RS485/ROS2/robo_hand_ws/src/install/xarm_controller:/home/berenic/Documents/LPRS2_2026/Robo_Hand_RS485/ROS2/robo_hand_ws/src/install/xarm_api:/home/berenic/Documents/LPRS2_2026/Robo_Hand_RS485/ROS2/robo_hand_ws/src/install/xarm_sdk:/home/berenic/Documents/LPRS2_2026/Robo_Hand_RS485/ROS2/robo_hand_ws/src/install/xarm_msgs:/home/berenic/Documents/LPRS2_2026/Robo_Hand_RS485/ROS2/robo_hand_ws/src/install/xarm_description:/opt/ros/jazzy/opt/gz_sim_vendor:/opt/ros/jazzy/opt/gz_sensors_vendor:/opt/ros/jazzy/opt/gz_physics_vendor:/opt/ros/jazzy/opt/sdformat_vendor:/opt/ros/jazzy/opt/gz_gui_vendor:/opt/ros/jazzy/opt/gz_transport_vendor:/opt/ros/jazzy/opt/gz_rendering_vendor:/opt/ros/jazzy/opt/gz_plugin_vendor:/opt/ros/jazzy/opt/gz_fuel_tools_vendor:/opt/ros/jazzy/opt/gz_msgs_vendor:/opt/ros/jazzy/opt/gz_common_vendor:/opt/ros/jazzy/opt/gz_math_vendor:/opt/ros/jazzy/opt/gz_utils_vendor:/opt/ros/jazzy/opt/gz_tools_vendor:/opt/ros/jazzy/opt/gz_ogre_next_vendor:/opt/ros/jazzy/opt/gz_dartsim_vendor:/opt/ros/jazzy/opt/gz_cmake_vendor:/opt/ros/jazzy DEBUGINFOD_URLS=https://debuginfod.ubuntu.com LD_LIBRARY_PATH=/home/berenic/Documents/LPRS2_2026/Robo_Hand_RS485/ROS2/robo_hand_ws/src/install/xarm_controller/lib:/home/berenic/Documents/LPRS2_2026/Robo_Hand_RS485/ROS2/robo_hand_ws/src/install/xarm_api/lib:/home/berenic/Documents/LPRS2_2026/Robo_Hand_RS485/ROS2/robo_hand_ws/src/install/xarm_sdk/lib:/home/berenic/Documents/LPRS2_2026/Robo_Hand_RS485/ROS2/robo_hand_ws/src/install/xarm_msgs/lib:${LD_LIBRARY_PATH} PYTHONPATH=/home/berenic/Documents/LPRS2_2026/Robo_Hand_RS485/ROS2/robo_hand_ws/src/install/xarm_msgs/lib/python3.12/site-packages:/home/berenic/Documents/LPRS2_2026/Robo_Hand_RS485/ROS2/robo_hand_ws/src/build/uf_ros_lib:/home/berenic/Documents/LPRS2_2026/Robo_Hand_RS485/ROS2/robo_hand_ws/src/install/uf_ros_lib/lib/python3.12/site-packages:${PYTHONPATH} /usr/bin/cmake /home/berenic/Documents/LPRS2_2026/Robo_Hand_RS485/ROS2/robo_hand_ws/src/xarm_ros2/xarm_gazebo -DAMENT_CMAKE_SYMLINK_INSTALL=1 -DCMAKE_INSTALL_PREFIX=/home/berenic/Documents/LPRS2_2026/Robo_Hand_RS485/ROS2/robo_hand_ws/src/install/xarm_gazebo
[2.227s] Invoking command in '/home/berenic/Documents/LPRS2_2026/Robo_Hand_RS485/ROS2/robo_hand_ws/src/build/xarm_gazebo': AMENT_PREFIX_PATH=/home/berenic/Documents/LPRS2_2026/Robo_Hand_RS485/ROS2/robo_hand_ws/src/install/xarm_controller:/home/berenic/Documents/LPRS2_2026/Robo_Hand_RS485/ROS2/robo_hand_ws/src/install/xarm_api:/home/berenic/Documents/LPRS2_2026/Robo_Hand_RS485/ROS2/robo_hand_ws/src/install/xarm_sdk:/home/berenic/Documents/LPRS2_2026/Robo_Hand_RS485/ROS2/robo_hand_ws/src/install/xarm_msgs:/home/berenic/Documents/LPRS2_2026/Robo_Hand_RS485/ROS2/robo_hand_ws/src/install/xarm_description:/home/berenic/Documents/LPRS2_2026/Robo_Hand_RS485/ROS2/robo_hand_ws/src/install/uf_ros_lib:${AMENT_PREFIX_PATH} CMAKE_PREFIX_PATH=/home/berenic/Documents/LPRS2_2026/Robo_Hand_RS485/ROS2/robo_hand_ws/src/install/xarm_controller:/home/berenic/Documents/LPRS2_2026/Robo_Hand_RS485/ROS2/robo_hand_ws/src/install/xarm_api:/home/berenic/Documents/LPRS2_2026/Robo_Hand_RS485/ROS2/robo_hand_ws/src/install/xarm_sdk:/home/berenic/Documents/LPRS2_2026/Robo_Hand_RS485/ROS2/robo_hand_ws/src/install/xarm_msgs:/home/berenic/Documents/LPRS2_2026/Robo_Hand_RS485/ROS2/robo_hand_ws/src/install/xarm_description:/opt/ros/jazzy/opt/gz_sim_vendor:/opt/ros/jazzy/opt/gz_sensors_vendor:/opt/ros/jazzy/opt/gz_physics_vendor:/opt/ros/jazzy/opt/sdformat_vendor:/opt/ros/jazzy/opt/gz_gui_vendor:/opt/ros/jazzy/opt/gz_transport_vendor:/opt/ros/jazzy/opt/gz_rendering_vendor:/opt/ros/jazzy/opt/gz_plugin_vendor:/opt/ros/jazzy/opt/gz_fuel_tools_vendor:/opt/ros/jazzy/opt/gz_msgs_vendor:/opt/ros/jazzy/opt/gz_common_vendor:/opt/ros/jazzy/opt/gz_math_vendor:/opt/ros/jazzy/opt/gz_utils_vendor:/opt/ros/jazzy/opt/gz_tools_vendor:/opt/ros/jazzy/opt/gz_ogre_next_vendor:/opt/ros/jazzy/opt/gz_dartsim_vendor:/opt/ros/jazzy/opt/gz_cmake_vendor:/opt/ros/jazzy DEBUGINFOD_URLS=https://debuginfod.ubuntu.com LD_LIBRARY_PATH=/home/berenic/Documents/LPRS2_2026/Robo_Hand_RS485/ROS2/robo_hand_ws/src/install/xarm_controller/lib:/home/berenic/Documents/LPRS2_2026/Robo_Hand_RS485/ROS2/robo_hand_ws/src/install/xarm_api/lib:/home/berenic/Documents/LPRS2_2026/Robo_Hand_RS485/ROS2/robo_hand_ws/src/install/xarm_sdk/lib:/home/berenic/Documents/LPRS2_2026/Robo_Hand_RS485/ROS2/robo_hand_ws/src/install/xarm_msgs/lib:${LD_LIBRARY_PATH} PYTHONPATH=/home/berenic/Documents/LPRS2_2026/Robo_Hand_RS485/ROS2/robo_hand_ws/src/install/xarm_msgs/lib/python3.12/site-packages:/home/berenic/Documents/LPRS2_2026/Robo_Hand_RS485/ROS2/robo_hand_ws/src/build/uf_ros_lib:/home/berenic/Documents/LPRS2_2026/Robo_Hand_RS485/ROS2/robo_hand_ws/src/install/uf_ros_lib/lib/python3.12/site-packages:${PYTHONPATH} /usr/bin/cmake --build /home/berenic/Documents/LPRS2_2026/Robo_Hand_RS485/ROS2/robo_hand_ws/src/build/xarm_gazebo -- -j12 -l12
[2.287s] [ 50%] [32mBuilding CXX object CMakeFiles/gazebo_mimic_joint_plugin.dir/src/mimic_joint_plugin.cpp.o[0m
[5.987s] [100%] [32m[1mLinking CXX shared library libgazebo_mimic_joint_plugin.so[0m
[6.202s] [100%] Built target gazebo_mimic_joint_plugin
[6.215s] Invoked command in '/home/berenic/Documents/LPRS2_2026/Robo_Hand_RS485/ROS2/robo_hand_ws/src/build/xarm_gazebo' returned '0': AMENT_PREFIX_PATH=/home/berenic/Documents/LPRS2_2026/Robo_Hand_RS485/ROS2/robo_hand_ws/src/install/xarm_controller:/home/berenic/Documents/LPRS2_2026/Robo_Hand_RS485/ROS2/robo_hand_ws/src/install/xarm_api:/home/berenic/Documents/LPRS2_2026/Robo_Hand_RS485/ROS2/robo_hand_ws/src/install/xarm_sdk:/home/berenic/Documents/LPRS2_2026/Robo_Hand_RS485/ROS2/robo_hand_ws/src/install/xarm_msgs:/home/berenic/Documents/LPRS2_2026/Robo_Hand_RS485/ROS2/robo_hand_ws/src/install/xarm_description:/home/berenic/Documents/LPRS2_2026/Robo_Hand_RS485/ROS2/robo_hand_ws/src/install/uf_ros_lib:${AMENT_PREFIX_PATH} CMAKE_PREFIX_PATH=/home/berenic/Documents/LPRS2_2026/Robo_Hand_RS485/ROS2/robo_hand_ws/src/install/xarm_controller:/home/berenic/Documents/LPRS2_2026/Robo_Hand_RS485/ROS2/robo_hand_ws/src/install/xarm_api:/home/berenic/Documents/LPRS2_2026/Robo_Hand_RS485/ROS2/robo_hand_ws/src/install/xarm_sdk:/home/berenic/Documents/LPRS2_2026/Robo_Hand_RS485/ROS2/robo_hand_ws/src/install/xarm_msgs:/home/berenic/Documents/LPRS2_2026/Robo_Hand_RS485/ROS2/robo_hand_ws/src/install/xarm_description:/opt/ros/jazzy/opt/gz_sim_vendor:/opt/ros/jazzy/opt/gz_sensors_vendor:/opt/ros/jazzy/opt/gz_physics_vendor:/opt/ros/jazzy/opt/sdformat_vendor:/opt/ros/jazzy/opt/gz_gui_vendor:/opt/ros/jazzy/opt/gz_transport_vendor:/opt/ros/jazzy/opt/gz_rendering_vendor:/opt/ros/jazzy/opt/gz_plugin_vendor:/opt/ros/jazzy/opt/gz_fuel_tools_vendor:/opt/ros/jazzy/opt/gz_msgs_vendor:/opt/ros/jazzy/opt/gz_common_vendor:/opt/ros/jazzy/opt/gz_math_vendor:/opt/ros/jazzy/opt/gz_utils_vendor:/opt/ros/jazzy/opt/gz_tools_vendor:/opt/ros/jazzy/opt/gz_ogre_next_vendor:/opt/ros/jazzy/opt/gz_dartsim_vendor:/opt/ros/jazzy/opt/gz_cmake_vendor:/opt/ros/jazzy DEBUGINFOD_URLS=https://debuginfod.ubuntu.com LD_LIBRARY_PATH=/home/berenic/Documents/LPRS2_2026/Robo_Hand_RS485/ROS2/robo_hand_ws/src/install/xarm_controller/lib:/home/berenic/Documents/LPRS2_2026/Robo_Hand_RS485/ROS2/robo_hand_ws/src/install/xarm_api/lib:/home/berenic/Documents/LPRS2_2026/Robo_Hand_RS485/ROS2/robo_hand_ws/src/install/xarm_sdk/lib:/home/berenic/Documents/LPRS2_2026/Robo_Hand_RS485/ROS2/robo_hand_ws/src/install/xarm_msgs/lib:${LD_LIBRARY_PATH} PYTHONPATH=/home/berenic/Documents/LPRS2_2026/Robo_Hand_RS485/ROS2/robo_hand_ws/src/install/xarm_msgs/lib/python3.12/site-packages:/home/berenic/Documents/LPRS2_2026/Robo_Hand_RS485/ROS2/robo_hand_ws/src/build/uf_ros_lib:/home/berenic/Documents/LPRS2_2026/Robo_Hand_RS485/ROS2/robo_hand_ws/src/install/uf_ros_lib/lib/python3.12/site-packages:${PYTHONPATH} /usr/bin/cmake --build /home/berenic/Documents/LPRS2_2026/Robo_Hand_RS485/ROS2/robo_hand_ws/src/build/xarm_gazebo -- -j12 -l12
[6.217s] Invoking command in '/home/berenic/Documents/LPRS2_2026/Robo_Hand_RS485/ROS2/robo_hand_ws/src/build/xarm_gazebo': AMENT_PREFIX_PATH=/home/berenic/Documents/LPRS2_2026/Robo_Hand_RS485/ROS2/robo_hand_ws/src/install/xarm_controller:/home/berenic/Documents/LPRS2_2026/Robo_Hand_RS485/ROS2/robo_hand_ws/src/install/xarm_api:/home/berenic/Documents/LPRS2_2026/Robo_Hand_RS485/ROS2/robo_hand_ws/src/install/xarm_sdk:/home/berenic/Documents/LPRS2_2026/Robo_Hand_RS485/ROS2/robo_hand_ws/src/install/xarm_msgs:/home/berenic/Documents/LPRS2_2026/Robo_Hand_RS485/ROS2/robo_hand_ws/src/install/xarm_description:/home/berenic/Documents/LPRS2_2026/Robo_Hand_RS485/ROS2/robo_hand_ws/src/install/uf_ros_lib:${AMENT_PREFIX_PATH} CMAKE_PREFIX_PATH=/home/berenic/Documents/LPRS2_2026/Robo_Hand_RS485/ROS2/robo_hand_ws/src/install/xarm_controller:/home/berenic/Documents/LPRS2_2026/Robo_Hand_RS485/ROS2/robo_hand_ws/src/install/xarm_api:/home/berenic/Documents/LPRS2_2026/Robo_Hand_RS485/ROS2/robo_hand_ws/src/install/xarm_sdk:/home/berenic/Documents/LPRS2_2026/Robo_Hand_RS485/ROS2/robo_hand_ws/src/install/xarm_msgs:/home/berenic/Documents/LPRS2_2026/Robo_Hand_RS485/ROS2/robo_hand_ws/src/install/xarm_description:/opt/ros/jazzy/opt/gz_sim_vendor:/opt/ros/jazzy/opt/gz_sensors_vendor:/opt/ros/jazzy/opt/gz_physics_vendor:/opt/ros/jazzy/opt/sdformat_vendor:/opt/ros/jazzy/opt/gz_gui_vendor:/opt/ros/jazzy/opt/gz_transport_vendor:/opt/ros/jazzy/opt/gz_rendering_vendor:/opt/ros/jazzy/opt/gz_plugin_vendor:/opt/ros/jazzy/opt/gz_fuel_tools_vendor:/opt/ros/jazzy/opt/gz_msgs_vendor:/opt/ros/jazzy/opt/gz_common_vendor:/opt/ros/jazzy/opt/gz_math_vendor:/opt/ros/jazzy/opt/gz_utils_vendor:/opt/ros/jazzy/opt/gz_tools_vendor:/opt/ros/jazzy/opt/gz_ogre_next_vendor:/opt/ros/jazzy/opt/gz_dartsim_vendor:/opt/ros/jazzy/opt/gz_cmake_vendor:/opt/ros/jazzy DEBUGINFOD_URLS=https://debuginfod.ubuntu.com LD_LIBRARY_PATH=/home/berenic/Documents/LPRS2_2026/Robo_Hand_RS485/ROS2/robo_hand_ws/src/install/xarm_controller/lib:/home/berenic/Documents/LPRS2_2026/Robo_Hand_RS485/ROS2/robo_hand_ws/src/install/xarm_api/lib:/home/berenic/Documents/LPRS2_2026/Robo_Hand_RS485/ROS2/robo_hand_ws/src/install/xarm_sdk/lib:/home/berenic/Documents/LPRS2_2026/Robo_Hand_RS485/ROS2/robo_hand_ws/src/install/xarm_msgs/lib:${LD_LIBRARY_PATH} PYTHONPATH=/home/berenic/Documents/LPRS2_2026/Robo_Hand_RS485/ROS2/robo_hand_ws/src/install/xarm_msgs/lib/python3.12/site-packages:/home/berenic/Documents/LPRS2_2026/Robo_Hand_RS485/ROS2/robo_hand_ws/src/build/uf_ros_lib:/home/berenic/Documents/LPRS2_2026/Robo_Hand_RS485/ROS2/robo_hand_ws/src/install/uf_ros_lib/lib/python3.12/site-packages:${PYTHONPATH} /usr/bin/cmake --install /home/berenic/Documents/LPRS2_2026/Robo_Hand_RS485/ROS2/robo_hand_ws/src/build/xarm_gazebo
[6.225s] -- Install configuration: ""
[6.226s] -- Execute custom install script
[6.226s] -- Symlinking: /home/berenic/Documents/LPRS2_2026/Robo_Hand_RS485/ROS2/robo_hand_ws/src/install/xarm_gazebo/lib/libgazebo_mimic_joint_plugin.so
[6.237s] -- Symlinking: /home/berenic/Documents/LPRS2_2026/Robo_Hand_RS485/ROS2/robo_hand_ws/src/install/xarm_gazebo/share/xarm_gazebo//worlds/table.world
[6.247s] -- Symlinking: /home/berenic/Documents/LPRS2_2026/Robo_Hand_RS485/ROS2/robo_hand_ws/src/install/xarm_gazebo/share/xarm_gazebo//worlds/table_gz.world
[6.257s] -- Symlinking: /home/berenic/Documents/LPRS2_2026/Robo_Hand_RS485/ROS2/robo_hand_ws/src/install/xarm_gazebo/share/xarm_gazebo//launch/_dual_robot_beside_table_gazebo.launch.py
[6.266s] -- Symlinking: /home/berenic/Documents/LPRS2_2026/Robo_Hand_RS485/ROS2/robo_hand_ws/src/install/xarm_gazebo/share/xarm_gazebo//launch/_robot_beside_table_gazebo.launch.py
[6.276s] -- Symlinking: /home/berenic/Documents/LPRS2_2026/Robo_Hand_RS485/ROS2/robo_hand_ws/src/install/xarm_gazebo/share/xarm_gazebo//launch/lite6_beside_table_gazebo.launch.py
[6.286s] -- Symlinking: /home/berenic/Documents/LPRS2_2026/Robo_Hand_RS485/ROS2/robo_hand_ws/src/install/xarm_gazebo/share/xarm_gazebo//launch/uf850_beside_table_gazebo.launch.py
[6.298s] -- Symlinking: /home/berenic/Documents/LPRS2_2026/Robo_Hand_RS485/ROS2/robo_hand_ws/src/install/xarm_gazebo/share/xarm_gazebo//launch/xarm5_beside_table_gazebo.launch.py
[6.311s] -- Symlinking: /home/berenic/Documents/LPRS2_2026/Robo_Hand_RS485/ROS2/robo_hand_ws/src/install/xarm_gazebo/share/xarm_gazebo//launch/xarm6_beside_table_gazebo.launch.py
[6.324s] -- Symlinking: /home/berenic/Documents/LPRS2_2026/Robo_Hand_RS485/ROS2/robo_hand_ws/src/install/xarm_gazebo/share/xarm_gazebo//launch/xarm7_beside_table_gazebo.launch.py
[6.339s] -- Symlinking: /home/berenic/Documents/LPRS2_2026/Robo_Hand_RS485/ROS2/robo_hand_ws/src/install/xarm_gazebo/share/xarm_gazebo//launch/xarm7_mirror_beside_table_gazebo.launch.py
[6.351s] -- Symlinking: /home/berenic/Documents/LPRS2_2026/Robo_Hand_RS485/ROS2/robo_hand_ws/src/install/xarm_gazebo/share/ament_index/resource_index/package_run_dependencies/xarm_gazebo
[6.363s] -- Symlinking: /home/berenic/Documents/LPRS2_2026/Robo_Hand_RS485/ROS2/robo_hand_ws/src/install/xarm_gazebo/share/ament_index/resource_index/parent_prefix_path/xarm_gazebo
[6.373s] -- Symlinking: /home/berenic/Documents/LPRS2_2026/Robo_Hand_RS485/ROS2/robo_hand_ws/src/install/xarm_gazebo/share/xarm_gazebo/environment/ament_prefix_path.sh
[6.385s] -- Symlinking: /home/berenic/Documents/LPRS2_2026/Robo_Hand_RS485/ROS2/robo_hand_ws/src/install/xarm_gazebo/share/xarm_gazebo/environment/ament_prefix_path.dsv
[6.396s] -- Symlinking: /home/berenic/Documents/LPRS2_2026/Robo_Hand_RS485/ROS2/robo_hand_ws/src/install/xarm_gazebo/share/xarm_gazebo/environment/path.sh
[6.407s] -- Symlinking: /home/berenic/Documents/LPRS2_2026/Robo_Hand_RS485/ROS2/robo_hand_ws/src/install/xarm_gazebo/share/xarm_gazebo/environment/path.dsv
[6.417s] -- Symlinking: /home/berenic/Documents/LPRS2_2026/Robo_Hand_RS485/ROS2/robo_hand_ws/src/install/xarm_gazebo/share/xarm_gazebo/local_setup.bash
[6.426s] -- Symlinking: /home/berenic/Documents/LPRS2_2026/Robo_Hand_RS485/ROS2/robo_hand_ws/src/install/xarm_gazebo/share/xarm_gazebo/local_setup.sh
[6.437s] -- Symlinking: /home/berenic/Documents/LPRS2_2026/Robo_Hand_RS485/ROS2/robo_hand_ws/src/install/xarm_gazebo/share/xarm_gazebo/local_setup.zsh
[6.447s] -- Symlinking: /home/berenic/Documents/LPRS2_2026/Robo_Hand_RS485/ROS2/robo_hand_ws/src/install/xarm_gazebo/share/xarm_gazebo/local_setup.dsv
[6.457s] -- Symlinking: /home/berenic/Documents/LPRS2_2026/Robo_Hand_RS485/ROS2/robo_hand_ws/src/install/xarm_gazebo/share/xarm_gazebo/package.dsv
[6.467s] -- Symlinking: /home/berenic/Documents/LPRS2_2026/Robo_Hand_RS485/ROS2/robo_hand_ws/src/install/xarm_gazebo/share/ament_index/resource_index/packages/xarm_gazebo
[6.476s] -- Symlinking: /home/berenic/Documents/LPRS2_2026/Robo_Hand_RS485/ROS2/robo_hand_ws/src/install/xarm_gazebo/share/xarm_gazebo/cmake/xarm_gazeboConfig.cmake
[6.486s] -- Symlinking: /home/berenic/Documents/LPRS2_2026/Robo_Hand_RS485/ROS2/robo_hand_ws/src/install/xarm_gazebo/share/xarm_gazebo/cmake/xarm_gazeboConfig-version.cmake
[6.496s] -- Symlinking: /home/berenic/Documents/LPRS2_2026/Robo_Hand_RS485/ROS2/robo_hand_ws/src/install/xarm_gazebo/share/xarm_gazebo/package.xml
[6.509s] Invoked command in '/home/berenic/Documents/LPRS2_2026/Robo_Hand_RS485/ROS2/robo_hand_ws/src/build/xarm_gazebo' returned '0': AMENT_PREFIX_PATH=/home/berenic/Documents/LPRS2_2026/Robo_Hand_RS485/ROS2/robo_hand_ws/src/install/xarm_controller:/home/berenic/Documents/LPRS2_2026/Robo_Hand_RS485/ROS2/robo_hand_ws/src/install/xarm_api:/home/berenic/Documents/LPRS2_2026/Robo_Hand_RS485/ROS2/robo_hand_ws/src/install/xarm_sdk:/home/berenic/Documents/LPRS2_2026/Robo_Hand_RS485/ROS2/robo_hand_ws/src/install/xarm_msgs:/home/berenic/Documents/LPRS2_2026/Robo_Hand_RS485/ROS2/robo_hand_ws/src/install/xarm_description:/home/berenic/Documents/LPRS2_2026/Robo_Hand_RS485/ROS2/robo_hand_ws/src/install/uf_ros_lib:${AMENT_PREFIX_PATH} CMAKE_PREFIX_PATH=/home/berenic/Documents/LPRS2_2026/Robo_Hand_RS485/ROS2/robo_hand_ws/src/install/xarm_controller:/home/berenic/Documents/LPRS2_2026/Robo_Hand_RS485/ROS2/robo_hand_ws/src/install/xarm_api:/home/berenic/Documents/LPRS2_2026/Robo_Hand_RS485/ROS2/robo_hand_ws/src/install/xarm_sdk:/home/berenic/Documents/LPRS2_2026/Robo_Hand_RS485/ROS2/robo_hand_ws/src/install/xarm_msgs:/home/berenic/Documents/LPRS2_2026/Robo_Hand_RS485/ROS2/robo_hand_ws/src/install/xarm_description:/opt/ros/jazzy/opt/gz_sim_vendor:/opt/ros/jazzy/opt/gz_sensors_vendor:/opt/ros/jazzy/opt/gz_physics_vendor:/opt/ros/jazzy/opt/sdformat_vendor:/opt/ros/jazzy/opt/gz_gui_vendor:/opt/ros/jazzy/opt/gz_transport_vendor:/opt/ros/jazzy/opt/gz_rendering_vendor:/opt/ros/jazzy/opt/gz_plugin_vendor:/opt/ros/jazzy/opt/gz_fuel_tools_vendor:/opt/ros/jazzy/opt/gz_msgs_vendor:/opt/ros/jazzy/opt/gz_common_vendor:/opt/ros/jazzy/opt/gz_math_vendor:/opt/ros/jazzy/opt/gz_utils_vendor:/opt/ros/jazzy/opt/gz_tools_vendor:/opt/ros/jazzy/opt/gz_ogre_next_vendor:/opt/ros/jazzy/opt/gz_dartsim_vendor:/opt/ros/jazzy/opt/gz_cmake_vendor:/opt/ros/jazzy DEBUGINFOD_URLS=https://debuginfod.ubuntu.com LD_LIBRARY_PATH=/home/berenic/Documents/LPRS2_2026/Robo_Hand_RS485/ROS2/robo_hand_ws/src/install/xarm_controller/lib:/home/berenic/Documents/LPRS2_2026/Robo_Hand_RS485/ROS2/robo_hand_ws/src/install/xarm_api/lib:/home/berenic/Documents/LPRS2_2026/Robo_Hand_RS485/ROS2/robo_hand_ws/src/install/xarm_sdk/lib:/home/berenic/Documents/LPRS2_2026/Robo_Hand_RS485/ROS2/robo_hand_ws/src/install/xarm_msgs/lib:${LD_LIBRARY_PATH} PYTHONPATH=/home/berenic/Documents/LPRS2_2026/Robo_Hand_RS485/ROS2/robo_hand_ws/src/install/xarm_msgs/lib/python3.12/site-packages:/home/berenic/Documents/LPRS2_2026/Robo_Hand_RS485/ROS2/robo_hand_ws/src/build/uf_ros_lib:/home/berenic/Documents/LPRS2_2026/Robo_Hand_RS485/ROS2/robo_hand_ws/src/install/uf_ros_lib/lib/python3.12/site-packages:${PYTHONPATH} /usr/bin/cmake --install /home/berenic/Documents/LPRS2_2026/Robo_Hand_RS485/ROS2/robo_hand_ws/src/build/xarm_gazebo
