[ 50%] [32mBuilding CXX object CMakeFiles/hand_test.dir/src/hand_test.cpp.o[0m
[01m[K/home/berenic/Documents/LPRS2_2026/Robo_Hand_RS485/ROS2/robo_hand_ws/src/custom/glue_events_routines/src/hand_test.cpp:[m[K In function ‘[01m[Kvoid[01;32m[K exec_hand[m[K(const cmds_t&)[m[K’:
[01m[K/home/berenic/Documents/LPRS2_2026/Robo_Hand_RS485/ROS2/robo_hand_ws/src/custom/glue_events_routines/src/hand_test.cpp:134:34:[m[K [01;31m[Kerror: [m[Kexpected primary-expression before ‘[01m[K;[m[K’ token
  134 |         modbus_req->ret_length = [01;31m[K;[m[K6
      |                                  [01;31m[K^[m[K
[01m[K/home/berenic/Documents/LPRS2_2026/Robo_Hand_RS485/ROS2/robo_hand_ws/src/custom/glue_events_routines/src/hand_test.cpp:134:36:[m[K [01;31m[Kerror: [m[Kexpected ‘[01m[K;[m[K’ before ‘[01m[Kmodbus_client[m[K’
  134 |         modbus_req->ret_length = ;6
      |                                    [01;31m[K^[m[K
      |                                    [32m[K;[m[K
  135 | 
  136 |         [32m[Kmodbus_client[m[K->async_send_request(
      |         [32m[K~~~~~~~~~~~~~[m[K               
[01m[K/home/berenic/Documents/LPRS2_2026/Robo_Hand_RS485/ROS2/robo_hand_ws/src/custom/glue_events_routines/src/hand_test.cpp:134:35:[m[K [01;35m[Kwarning: [m[Kstatement has no effect [[01;35m[K]8;;https://gcc.gnu.org/onlinedocs/gcc/Warning-Options.html#index-Wunused-value-Wunused-value]8;;[m[K]
  134 |         modbus_req->ret_length = ;[01;35m[K6[m[K
      |                                   [01;35m[K^[m[K
[01m[K/home/berenic/Documents/LPRS2_2026/Robo_Hand_RS485/ROS2/robo_hand_ws/src/custom/glue_events_routines/src/hand_test.cpp:171:9:[m[K [01;31m[Kerror: [m[Kexpected primary-expression before ‘[01m[K)[m[K’ token
  171 |         [01;31m[K)[m[K;
      |         [01;31m[K^[m[K
gmake[2]: *** [CMakeFiles/hand_test.dir/build.make:76: CMakeFiles/hand_test.dir/src/hand_test.cpp.o] Error 1
gmake[1]: *** [CMakeFiles/Makefile2:137: CMakeFiles/hand_test.dir/all] Error 2
gmake: *** [Makefile:146: all] Error 2
