[0.024s] Invoking command in '/home/berenic/Documents/LPRS2_2026/Robo_Hand_RS485/ROS2/build/xarm_sdk': DEBUGINFOD_URLS=https://debuginfod.ubuntu.com /usr/bin/cmake /home/berenic/Documents/LPRS2_2026/Robo_Hand_RS485/ROS2/robo_hand_ws/src/xarm_ros2/xarm_sdk -DAMENT_CMAKE_SYMLINK_INSTALL=1 -DCMAKE_INSTALL_PREFIX=/home/berenic/Documents/LPRS2_2026/Robo_Hand_RS485/ROS2/install/xarm_sdk
[0.408s] -- The C compiler identification is GNU 13.3.0
[0.408s] -- The CXX compiler identification is GNU 13.3.0
[0.408s] -- Detecting C compiler ABI info
[0.547s] -- Detecting C compiler ABI info - done
[0.564s] -- Check for working C compiler: /usr/bin/cc - skipped
[0.564s] -- Detecting C compile features
[0.565s] -- Detecting C compile features - done
[0.583s] -- Detecting CXX compiler ABI info
[0.745s] -- Detecting CXX compiler ABI info - done
[0.761s] -- Check for working CXX compiler: /usr/bin/c++ - skipped
[0.762s] -- Detecting CXX compile features
[0.763s] -- Detecting CXX compile features - done
[0.789s] [31mCMake Error at CMakeLists.txt:25 (find_package):
[0.789s]   By not providing "Findament_cmake.cmake" in CMAKE_MODULE_PATH this project
[0.789s]   has asked CMake to find a package configuration file provided by
[0.789s]   "ament_cmake", but CMake did not find one.
[0.790s] 
[0.790s]   Could not find a package configuration file provided by "ament_cmake" with
[0.790s]   any of the following names:
[0.790s] 
[0.790s]     ament_cmakeConfig.cmake
[0.790s]     ament_cmake-config.cmake
[0.791s] 
[0.791s]   Add the installation prefix of "ament_cmake" to CMAKE_PREFIX_PATH or set
[0.791s]   "ament_cmake_DIR" to a directory containing one of the above files.  If
[0.791s]   "ament_cmake" provides a separate development package or SDK, be sure it
[0.791s]   has been installed.
[0.791s] 
[0.792s] [0m
[0.792s] -- Configuring incomplete, errors occurred!
[0.801s] Invoked command in '/home/berenic/Documents/LPRS2_2026/Robo_Hand_RS485/ROS2/build/xarm_sdk' returned '1': DEBUGINFOD_URLS=https://debuginfod.ubuntu.com /usr/bin/cmake /home/berenic/Documents/LPRS2_2026/Robo_Hand_RS485/ROS2/robo_hand_ws/src/xarm_ros2/xarm_sdk -DAMENT_CMAKE_SYMLINK_INSTALL=1 -DCMAKE_INSTALL_PREFIX=/home/berenic/Documents/LPRS2_2026/Robo_Hand_RS485/ROS2/install/xarm_sdk
