[01m[K/home/berenic/Documents/LPRS2_2026/Robo_Hand_RS485/ROS2/robo_hand_ws/src/custom/glue_events_routines/src/hand_test.cpp:1:1:[m[K [01;31m[Kerror: [m[Kstray ‘[01m[K`[m[K’ in program
    1 | [01;31m[K`[m[K``
      | [01;31m[K^[m[K
[01m[K/home/berenic/Documents/LPRS2_2026/Robo_Hand_RS485/ROS2/robo_hand_ws/src/custom/glue_events_routines/src/hand_test.cpp:1:2:[m[K [01;31m[Kerror: [m[Kstray ‘[01m[K`[m[K’ in program
    1 | `[01;31m[K`[m[K`
      |  [01;31m[K^[m[K
[01m[K/home/berenic/Documents/LPRS2_2026/Robo_Hand_RS485/ROS2/robo_hand_ws/src/custom/glue_events_routines/src/hand_test.cpp:1:3:[m[K [01;31m[Kerror: [m[Kstray ‘[01m[K`[m[K’ in program
    1 | ``[01;31m[K`[m[K
      |   [01;31m[K^[m[K
[01m[K/home/berenic/Documents/LPRS2_2026/Robo_Hand_RS485/ROS2/robo_hand_ws/src/custom/glue_events_routines/src/hand_test.cpp:197:2:[m[K [01;31m[Kerror: [m[Kstray ‘[01m[K`[m[K’ in program
  197 | }[01;31m[K`[m[K``
      |  [01;31m[K^[m[K
[01m[K/home/berenic/Documents/LPRS2_2026/Robo_Hand_RS485/ROS2/robo_hand_ws/src/custom/glue_events_routines/src/hand_test.cpp:197:3:[m[K [01;31m[Kerror: [m[Kstray ‘[01m[K`[m[K’ in program
  197 | }`[01;31m[K`[m[K`
      |   [01;31m[K^[m[K
[01m[K/home/berenic/Documents/LPRS2_2026/Robo_Hand_RS485/ROS2/robo_hand_ws/src/custom/glue_events_routines/src/hand_test.cpp:197:4:[m[K [01;31m[Kerror: [m[Kstray ‘[01m[K`[m[K’ in program
  197 | }``[01;31m[K`[m[K
      |    [01;31m[K^[m[K
gmake[2]: *** [CMakeFiles/hand_test.dir/build.make:76: CMakeFiles/hand_test.dir/src/hand_test.cpp.o] Error 1
gmake[1]: *** [CMakeFiles/Makefile2:137: CMakeFiles/hand_test.dir/all] Error 2
gmake: *** [Makefile:146: all] Error 2
