[0.027s] Invoking command in '/home/berenic/Documents/LPRS2_2026/Robo_Hand_RS485/ROS2/build/xarm_description': DEBUGINFOD_URLS=https://debuginfod.ubuntu.com /usr/bin/cmake /home/berenic/Documents/LPRS2_2026/Robo_Hand_RS485/ROS2/robo_hand_ws/src/xarm_ros2/xarm_description -DAMENT_CMAKE_SYMLINK_INSTALL=1 -DCMAKE_INSTALL_PREFIX=/home/berenic/Documents/LPRS2_2026/Robo_Hand_RS485/ROS2/install/xarm_description
[0.416s] -- The C compiler identification is GNU 13.3.0
[0.416s] -- The CXX compiler identification is GNU 13.3.0
[0.417s] -- Detecting C compiler ABI info
[0.559s] -- Detecting C compiler ABI info - done
[0.575s] -- Check for working C compiler: /usr/bin/cc - skipped
[0.576s] -- Detecting C compile features
[0.577s] -- Detecting C compile features - done
[0.595s] -- Detecting CXX compiler ABI info
[0.756s] -- Detecting CXX compiler ABI info - done
[0.781s] -- Check for working CXX compiler: /usr/bin/c++ - skipped
[0.781s] -- Detecting CXX compile features
[0.783s] -- Detecting CXX compile features - done
[0.808s] [31mCMake Error at CMakeLists.txt:19 (find_package):
[0.808s]   By not providing "Findament_cmake.cmake" in CMAKE_MODULE_PATH this project
[0.808s]   has asked CMake to find a package configuration file provided by
[0.808s]   "ament_cmake", but CMake did not find one.
[0.808s] 
[0.809s]   Could not find a package configuration file provided by "ament_cmake" with
[0.809s]   any of the following names:
[0.809s] 
[0.809s]     ament_cmakeConfig.cmake
[0.809s]     ament_cmake-config.cmake
[0.809s] 
[0.809s]   Add the installation prefix of "ament_cmake" to CMAKE_PREFIX_PATH or set
[0.809s]   "ament_cmake_DIR" to a directory containing one of the above files.  If
[0.810s]   "ament_cmake" provides a separate development package or SDK, be sure it
[0.810s]   has been installed.
[0.810s] 
[0.810s] [0m
[0.810s] -- Configuring incomplete, errors occurred!
[0.817s] Invoked command in '/home/berenic/Documents/LPRS2_2026/Robo_Hand_RS485/ROS2/build/xarm_description' returned '1': DEBUGINFOD_URLS=https://debuginfod.ubuntu.com /usr/bin/cmake /home/berenic/Documents/LPRS2_2026/Robo_Hand_RS485/ROS2/robo_hand_ws/src/xarm_ros2/xarm_description -DAMENT_CMAKE_SYMLINK_INSTALL=1 -DCMAKE_INSTALL_PREFIX=/home/berenic/Documents/LPRS2_2026/Robo_Hand_RS485/ROS2/install/xarm_description
