[0.023s] Invoking command in '/home/berenic/Documents/LPRS2_2026/Robo_Hand_RS485/ROS2/build/xarm_msgs': DEBUGINFOD_URLS=https://debuginfod.ubuntu.com /usr/bin/cmake /home/berenic/Documents/LPRS2_2026/Robo_Hand_RS485/ROS2/robo_hand_ws/src/xarm_ros2/xarm_msgs -DAMENT_CMAKE_SYMLINK_INSTALL=1 -DCMAKE_INSTALL_PREFIX=/home/berenic/Documents/LPRS2_2026/Robo_Hand_RS485/ROS2/install/xarm_msgs
[0.408s] -- The C compiler identification is GNU 13.3.0
[0.408s] -- The CXX compiler identification is GNU 13.3.0
[0.409s] -- Detecting C compiler ABI info
[0.550s] -- Detecting C compiler ABI info - done
[0.567s] -- Check for working C compiler: /usr/bin/cc - skipped
[0.568s] -- Detecting C compile features
[0.568s] -- Detecting C compile features - done
[0.585s] -- Detecting CXX compiler ABI info
[0.748s] -- Detecting CXX compiler ABI info - done
[0.764s] -- Check for working CXX compiler: /usr/bin/c++ - skipped
[0.764s] -- Detecting CXX compile features
[0.765s] -- Detecting CXX compile features - done
[0.788s] [31mCMake Error at CMakeLists.txt:19 (find_package):
[0.788s]   By not providing "Findament_cmake.cmake" in CMAKE_MODULE_PATH this project
[0.788s]   has asked CMake to find a package configuration file provided by
[0.788s]   "ament_cmake", but CMake did not find one.
[0.788s] 
[0.789s]   Could not find a package configuration file provided by "ament_cmake" with
[0.789s]   any of the following names:
[0.789s] 
[0.789s]     ament_cmakeConfig.cmake
[0.789s]     ament_cmake-config.cmake
[0.789s] 
[0.790s]   Add the installation prefix of "ament_cmake" to CMAKE_PREFIX_PATH or set
[0.790s]   "ament_cmake_DIR" to a directory containing one of the above files.  If
[0.790s]   "ament_cmake" provides a separate development package or SDK, be sure it
[0.790s]   has been installed.
[0.791s] 
[0.791s] [0m
[0.791s] -- Configuring incomplete, errors occurred!
[0.795s] Invoked command in '/home/berenic/Documents/LPRS2_2026/Robo_Hand_RS485/ROS2/build/xarm_msgs' returned '1': DEBUGINFOD_URLS=https://debuginfod.ubuntu.com /usr/bin/cmake /home/berenic/Documents/LPRS2_2026/Robo_Hand_RS485/ROS2/robo_hand_ws/src/xarm_ros2/xarm_msgs -DAMENT_CMAKE_SYMLINK_INSTALL=1 -DCMAKE_INSTALL_PREFIX=/home/berenic/Documents/LPRS2_2026/Robo_Hand_RS485/ROS2/install/xarm_msgs
