[1.093s] Invoking command in '/home/berenic/Documents/LPRS2_2026/Robo_Hand_RS485/ROS2/robo_hand_ws/src/build/uf_ros_lib': DEBUGINFOD_URLS=https://debuginfod.ubuntu.com PYTHONPATH=/home/berenic/Documents/LPRS2_2026/Robo_Hand_RS485/ROS2/robo_hand_ws/src/build/uf_ros_lib/prefix_override:/usr/lib/python3/dist-packages/colcon_core/task/python/colcon_distutils_commands:/home/berenic/Documents/LPRS2_2026/Robo_Hand_RS485/ROS2/robo_hand_ws/src/install/uf_ros_lib/lib/python3.12/site-packages:${PYTHONPATH} /usr/bin/python3 -W ignore:setup.py install is deprecated -W ignore:easy_install command is deprecated setup.py develop --editable --build-directory /home/berenic/Documents/LPRS2_2026/Robo_Hand_RS485/ROS2/robo_hand_ws/src/build/uf_ros_lib/build --no-deps symlink_data
[1.692s] running develop
[2.517s] running egg_info
[2.518s] creating uf_ros_lib.egg-info
[2.580s] writing uf_ros_lib.egg-info/PKG-INFO
[2.584s] writing dependency_links to uf_ros_lib.egg-info/dependency_links.txt
[2.584s] writing requirements to uf_ros_lib.egg-info/requires.txt
[2.585s] writing top-level names to uf_ros_lib.egg-info/top_level.txt
[2.585s] writing manifest file 'uf_ros_lib.egg-info/SOURCES.txt'
[2.724s] reading manifest file 'uf_ros_lib.egg-info/SOURCES.txt'
[2.727s] writing manifest file 'uf_ros_lib.egg-info/SOURCES.txt'
[2.864s] running build_ext
[2.865s] Creating /home/berenic/Documents/LPRS2_2026/Robo_Hand_RS485/ROS2/robo_hand_ws/src/install/uf_ros_lib/lib/python3.12/site-packages/uf-ros-lib.egg-link (link to .)
[2.871s] 
[2.871s] Installed /home/berenic/Documents/LPRS2_2026/Robo_Hand_RS485/ROS2/robo_hand_ws/src/build/uf_ros_lib
[2.871s] running symlink_data
[2.872s] creating /home/berenic/Documents/LPRS2_2026/Robo_Hand_RS485/ROS2/robo_hand_ws/src/install/uf_ros_lib/share/ament_index
[2.873s] creating /home/berenic/Documents/LPRS2_2026/Robo_Hand_RS485/ROS2/robo_hand_ws/src/install/uf_ros_lib/share/ament_index/resource_index
[2.873s] creating /home/berenic/Documents/LPRS2_2026/Robo_Hand_RS485/ROS2/robo_hand_ws/src/install/uf_ros_lib/share/ament_index/resource_index/packages
[2.873s] symbolically linking /home/berenic/Documents/LPRS2_2026/Robo_Hand_RS485/ROS2/robo_hand_ws/src/build/uf_ros_lib/resource/uf_ros_lib -> /home/berenic/Documents/LPRS2_2026/Robo_Hand_RS485/ROS2/robo_hand_ws/src/install/uf_ros_lib/share/ament_index/resource_index/packages
[2.873s] symbolically linking /home/berenic/Documents/LPRS2_2026/Robo_Hand_RS485/ROS2/robo_hand_ws/src/build/uf_ros_lib/package.xml -> /home/berenic/Documents/LPRS2_2026/Robo_Hand_RS485/ROS2/robo_hand_ws/src/install/uf_ros_lib/share/uf_ros_lib
[3.352s] Invoked command in '/home/berenic/Documents/LPRS2_2026/Robo_Hand_RS485/ROS2/robo_hand_ws/src/build/uf_ros_lib' returned '0': DEBUGINFOD_URLS=https://debuginfod.ubuntu.com PYTHONPATH=/home/berenic/Documents/LPRS2_2026/Robo_Hand_RS485/ROS2/robo_hand_ws/src/build/uf_ros_lib/prefix_override:/usr/lib/python3/dist-packages/colcon_core/task/python/colcon_distutils_commands:/home/berenic/Documents/LPRS2_2026/Robo_Hand_RS485/ROS2/robo_hand_ws/src/install/uf_ros_lib/lib/python3.12/site-packages:${PYTHONPATH} /usr/bin/python3 -W ignore:setup.py install is deprecated -W ignore:easy_install command is deprecated setup.py develop --editable --build-directory /home/berenic/Documents/LPRS2_2026/Robo_Hand_RS485/ROS2/robo_hand_ws/src/build/uf_ros_lib/build --no-deps symlink_data
