[0.020s] Invoking command in '/home/berenic/Documents/LPRS2_2026/Robo_Hand_RS485/ROS2/robo_hand_ws/build/xarm_gazebo': AMENT_PREFIX_PATH=/home/berenic/Documents/LPRS2_2026/Robo_Hand_RS485/ROS2/robo_hand_ws/install/uf_ros_lib:/home/berenic/Documents/LPRS2_2026/Robo_Hand_RS485/ROS2/robo_hand_ws/install/glue_events_routines:/home/berenic/Documents/LPRS2_2026/Robo_Hand_RS485/ROS2/robo_hand_ws/install/xarm_planner:/home/berenic/Documents/LPRS2_2026/Robo_Hand_RS485/ROS2/robo_hand_ws/install/xarm_moveit_servo:/home/berenic/Documents/LPRS2_2026/Robo_Hand_RS485/ROS2/robo_hand_ws/install/xarm_moveit_config:/home/berenic/Documents/LPRS2_2026/Robo_Hand_RS485/ROS2/robo_hand_ws/install/xarm_gazebo:/home/berenic/Documents/LPRS2_2026/Robo_Hand_RS485/ROS2/robo_hand_ws/install/xarm_controller:/home/berenic/Documents/LPRS2_2026/Robo_Hand_RS485/ROS2/robo_hand_ws/install/xarm_api:/home/berenic/Documents/LPRS2_2026/Robo_Hand_RS485/ROS2/robo_hand_ws/install/xarm_sdk:/home/berenic/Documents/LPRS2_2026/Robo_Hand_RS485/ROS2/robo_hand_ws/install/xarm_msgs:/home/berenic/Documents/LPRS2_2026/Robo_Hand_RS485/ROS2/robo_hand_ws/install/xarm_description:/home/berenic/Documents/LPRS2_2026/Robo_Hand_RS485/ROS2/robo_hand_ws/install/mbot_demo:/home/berenic/Documents/LPRS2_2026/Robo_Hand_RS485/ROS2/robo_hand_ws/install/realsense_gazebo_plugin:/opt/ros/jazzy CMAKE_PREFIX_PATH=/home/berenic/Documents/LPRS2_2026/Robo_Hand_RS485/ROS2/robo_hand_ws/install/xarm_controller:/home/berenic/Documents/LPRS2_2026/Robo_Hand_RS485/ROS2/robo_hand_ws/install/xarm_api:/home/berenic/Documents/LPRS2_2026/Robo_Hand_RS485/ROS2/robo_hand_ws/install/xarm_sdk:/home/berenic/Documents/LPRS2_2026/Robo_Hand_RS485/ROS2/robo_hand_ws/install/xarm_msgs:/home/berenic/Documents/LPRS2_2026/Robo_Hand_RS485/ROS2/robo_hand_ws/install/xarm_description:/home/berenic/Documents/LPRS2_2026/Robo_Hand_RS485/ROS2/robo_hand_ws/install/glue_events_routines:/home/berenic/Documents/LPRS2_2026/Robo_Hand_RS485/ROS2/robo_hand_ws/install/xarm_planner:/home/berenic/Documents/LPRS2_2026/Robo_Hand_RS485/ROS2/robo_hand_ws/install/xarm_moveit_servo:/home/berenic/Documents/LPRS2_2026/Robo_Hand_RS485/ROS2/robo_hand_ws/install/xarm_moveit_config:/home/berenic/Documents/LPRS2_2026/Robo_Hand_RS485/ROS2/robo_hand_ws/install/xarm_gazebo:/home/berenic/Documents/LPRS2_2026/Robo_Hand_RS485/ROS2/robo_hand_ws/install/mbot_demo:/home/berenic/Documents/LPRS2_2026/Robo_Hand_RS485/ROS2/robo_hand_ws/install/realsense_gazebo_plugin:/opt/ros/jazzy/opt/gz_sim_vendor:/opt/ros/jazzy/opt/gz_sensors_vendor:/opt/ros/jazzy/opt/gz_physics_vendor:/opt/ros/jazzy/opt/sdformat_vendor:/opt/ros/jazzy/opt/gz_gui_vendor:/opt/ros/jazzy/opt/gz_transport_vendor:/opt/ros/jazzy/opt/gz_rendering_vendor:/opt/ros/jazzy/opt/gz_plugin_vendor:/opt/ros/jazzy/opt/gz_fuel_tools_vendor:/opt/ros/jazzy/opt/gz_msgs_vendor:/opt/ros/jazzy/opt/gz_common_vendor:/opt/ros/jazzy/opt/gz_math_vendor:/opt/ros/jazzy/opt/gz_utils_vendor:/opt/ros/jazzy/opt/gz_tools_vendor:/opt/ros/jazzy/opt/gz_ogre_next_vendor:/opt/ros/jazzy/opt/gz_dartsim_vendor:/opt/ros/jazzy/opt/gz_cmake_vendor:/home/berenic/Documents/LPRS2_2026/Robo_Hand_RS485/ROS2/robo_hand_ws/install/uf_ros_lib:/opt/ros/jazzy DEBUGINFOD_URLS=https://debuginfod.ubuntu.com LD_LIBRARY_PATH=/home/berenic/Documents/LPRS2_2026/Robo_Hand_RS485/ROS2/robo_hand_ws/install/xarm_controller/lib:/home/berenic/Documents/LPRS2_2026/Robo_Hand_RS485/ROS2/robo_hand_ws/install/xarm_api/lib:/home/berenic/Documents/LPRS2_2026/Robo_Hand_RS485/ROS2/robo_hand_ws/install/xarm_sdk/lib:/home/berenic/Documents/LPRS2_2026/Robo_Hand_RS485/ROS2/robo_hand_ws/install/xarm_msgs/lib:/home/berenic/Documents/LPRS2_2026/Robo_Hand_RS485/ROS2/robo_hand_ws/install/xarm_planner/lib:/home/berenic/Documents/LPRS2_2026/Robo_Hand_RS485/ROS2/robo_hand_ws/install/xarm_moveit_servo/lib:/home/berenic/Documents/LPRS2_2026/Robo_Hand_RS485/ROS2/robo_hand_ws/install/xarm_gazebo/lib:/home/berenic/Documents/LPRS2_2026/Robo_Hand_RS485/ROS2/robo_hand_ws/install/realsense_gazebo_plugin/lib:/opt/ros/jazzy/opt/gz_sim_vendor/lib:/opt/ros/jazzy/opt/gz_sensors_vendor/lib:/opt/ros/jazzy/opt/gz_physics_vendor/lib:/opt/ros/jazzy/opt/sdformat_vendor/lib:/opt/ros/jazzy/opt/rviz_ogre_vendor/lib:/opt/ros/jazzy/lib/x86_64-linux-gnu:/opt/ros/jazzy/opt/gz_gui_vendor/lib:/opt/ros/jazzy/opt/gz_transport_vendor/lib:/opt/ros/jazzy/opt/gz_rendering_vendor/lib:/opt/ros/jazzy/opt/gz_plugin_vendor/lib:/opt/ros/jazzy/opt/gz_fuel_tools_vendor/lib:/opt/ros/jazzy/opt/gz_msgs_vendor/lib:/opt/ros/jazzy/opt/gz_common_vendor/lib:/opt/ros/jazzy/opt/gz_math_vendor/lib:/opt/ros/jazzy/opt/gz_utils_vendor/lib:/opt/ros/jazzy/opt/gz_tools_vendor/lib:/opt/ros/jazzy/opt/gz_ogre_next_vendor/lib:/opt/ros/jazzy/opt/gz_dartsim_vendor/lib:/opt/ros/jazzy/opt/gz_cmake_vendor/lib:/opt/ros/jazzy/lib /usr/bin/cmake --build /home/berenic/Documents/LPRS2_2026/Robo_Hand_RS485/ROS2/robo_hand_ws/build/xarm_gazebo -- -j12 -l12
[0.058s] -- Found ament_cmake: 2.5.5 (/opt/ros/jazzy/share/ament_cmake/cmake)
[0.231s] -- Override CMake install command with custom implementation using symlinks instead of copying resources
[0.238s] -- Looking for gz-sim8 -- found version 8.10.0
[0.246s] -- Searching for dependencies of gz-sim8
[0.247s] -- Looking for sdformat14 -- found version 14.8.0
[0.247s] -- Searching for dependencies of sdformat14
[0.252s] -- Checking for module 'tinyxml2'
[0.272s] --   Found tinyxml2, version 10.0.0
[0.300s] -- Looking for gz-math7 -- found version 7.5.2
[0.300s] -- Searching for dependencies of gz-math7
[0.301s] -- Looking for gz-utils2 -- found version 2.2.1
[0.301s] -- Searching for dependencies of gz-utils2
[0.303s] -- Looking for gz-utils2 -- found version 2.2.1
[0.303s] -- Searching for dependencies of gz-utils2
[0.303s] -- Searching for <gz-utils2> component [cli]
[0.303s] -- Looking for gz-utils2-cli -- found version 2.2.1
[0.304s] -- Searching for dependencies of gz-utils2-cli
[0.306s] -- Looking for gz-plugin2 -- found version 2.0.4
[0.306s] -- Searching for dependencies of gz-plugin2
[0.306s] -- Looking for gz-utils2 -- found version 2.2.1
[0.307s] -- Searching for <gz-plugin2> component [loader]
[0.307s] -- Looking for gz-plugin2-loader -- found version 2.0.4
[0.308s] -- Searching for dependencies of gz-plugin2-loader
[0.308s] -- Searching for <gz-plugin2> component [register]
[0.309s] -- Looking for gz-plugin2-register -- found version 2.0.4
[0.309s] -- Searching for dependencies of gz-plugin2-register
[0.310s] -- Looking for gz-transport13 -- found version 13.5.0
[0.310s] -- Searching for dependencies of gz-transport13
[0.351s] -- Config-file not installed for ZeroMQ -- checking for pkg-config
[0.355s] -- Checking for module 'libzmq >= 4'
[0.369s] --   Found libzmq, version 4.3.5
[0.415s] -- Checking for module 'uuid'
[0.429s] --   Found uuid, version 2.39.3
[0.462s] -- Looking for gz-utils2 -- found version 2.2.1
[0.462s] -- Looking for gz-msgs10 -- found version 10.3.2
[0.463s] -- Searching for dependencies of gz-msgs10
[0.484s] -- Looking for gz-utils2 -- found version 2.2.1
[0.484s] -- Looking for gz-math7 -- found version 7.5.2
[0.491s] -- Searching for <gz-transport13> component [log]
[0.492s] -- Looking for gz-transport13-log -- found version 13.5.0
[0.492s] -- Searching for dependencies of gz-transport13-log
[0.492s] -- Searching for <gz-transport13> component [parameters]
[0.493s] -- Looking for gz-transport13-parameters -- found version 13.5.0
[0.493s] -- Searching for dependencies of gz-transport13-parameters
[0.494s] -- Looking for gz-msgs10 -- found version 10.3.2
[0.495s] -- Looking for gz-common5 -- found version 5.7.1
[0.495s] -- Searching for dependencies of gz-common5
[0.495s] -- Looking for gz-utils2 -- found version 2.2.1
[0.495s] -- Looking for dlfcn.h - found
[0.495s] -- Looking for libdl - found
[0.502s] -- Searching for <gz-common5> component [av]
[0.502s] -- Looking for gz-common5-av -- found version 5.7.1
[0.503s] -- Searching for dependencies of gz-common5-av
[0.507s] -- Checking for module 'libswscale'
[0.522s] --   Found libswscale, version 7.5.100
[0.559s] -- Checking for module 'libavdevice >= 56.4.100'
[0.573s] --   Found libavdevice, version 60.3.100
[0.621s] -- Checking for module 'libavformat'
[0.634s] --   Found libavformat, version 60.16.100
[0.674s] -- Checking for module 'libavcodec'
[0.688s] --   Found libavcodec, version 60.31.102
[0.727s] -- Checking for module 'libavutil'
[0.739s] --   Found libavutil, version 58.29.100
[0.771s] -- Searching for <gz-common5> component [events]
[0.771s] -- Looking for gz-common5-events -- found version 5.7.1
[0.772s] -- Searching for dependencies of gz-common5-events
[0.772s] -- Looking for gz-math7 -- found version 7.5.2
[0.772s] -- Searching for <gz-common5> component [graphics]
[0.773s] -- Looking for gz-common5-graphics -- found version 5.7.1
[0.773s] -- Searching for dependencies of gz-common5-graphics
[0.773s] -- Looking for gz-math7 -- found version 7.5.2
[0.776s] -- Searching for <gz-common5> component [io]
[0.776s] -- Looking for gz-common5-io -- found version 5.7.1
[0.777s] -- Searching for dependencies of gz-common5-io
[0.777s] -- Searching for <gz-common5> component [profiler]
[0.778s] -- Looking for gz-common5-profiler -- found version 5.7.1
[0.778s] -- Searching for dependencies of gz-common5-profiler
[0.779s] -- Looking for gz-fuel_tools9 -- found version 9.1.1
[0.779s] -- Searching for dependencies of gz-fuel_tools9
[0.829s] -- Checking for module 'jsoncpp'
[0.843s] --   Found jsoncpp, version 1.9.5
[0.893s] -- Checking for module 'yaml-0.1'
[0.907s] --   Found yaml-0.1, version 0.2.5
[0.943s] -- Checking for module 'libzip'
[0.957s] --   Found libzip, version 1.7.3
[0.989s] -- Looking for gz-utils2 -- found version 2.2.1
[0.989s] -- Looking for gz-common5 -- found version 5.7.1
[0.989s] -- Searching for dependencies of gz-common5
[0.989s] -- Looking for gz-utils2 -- found version 2.2.1
[0.990s] -- Looking for dlfcn.h - found
[0.990s] -- Looking for libdl - found
[0.996s] -- Searching for <gz-common5> component [testing]
[0.997s] -- Looking for gz-common5-testing -- found version 5.7.1
[0.997s] -- Searching for dependencies of gz-common5-testing
[0.998s] -- Looking for gz-math7 -- found version 7.5.2
[0.998s] -- Looking for gz-msgs10 -- found version 10.3.2
[1.000s] -- Looking for gz-gui8 -- found version 8.4.0
[1.000s] -- Searching for dependencies of gz-gui8
[1.026s] -- Looking for gz-utils2 -- found version 2.2.1
[1.026s] -- Looking for gz-math7 -- found version 7.5.2
[1.027s] -- Looking for gz-common5 -- found version 5.7.1
[1.027s] -- Looking for gz-plugin2 -- found version 2.0.4
[1.027s] -- Looking for gz-transport13 -- found version 13.5.0
[1.028s] -- Looking for gz-rendering8 -- found version 8.2.3
[1.028s] -- Searching for dependencies of gz-rendering8
[1.029s] -- Looking for gz-math7 -- found version 7.5.2
[1.029s] -- Searching for dependencies of gz-math7
[1.029s] -- Looking for gz-utils2 -- found version 2.2.1
[1.029s] -- Searching for <gz-math7> component [eigen3]
[1.030s] -- Looking for gz-math7-eigen3 -- found version 7.5.2
[1.030s] -- Searching for dependencies of gz-math7-eigen3
[1.032s] -- Looking for gz-common5 -- found version 5.7.1
[1.032s] -- Searching for dependencies of gz-common5
[1.032s] -- Looking for gz-utils2 -- found version 2.2.1
[1.033s] -- Looking for dlfcn.h - found
[1.033s] -- Looking for libdl - found
[1.039s] -- Searching for <gz-common5> component [graphics]
[1.039s] -- Searching for <gz-common5> component [events]
[1.039s] -- Searching for <gz-common5> component [geospatial]
[1.039s] -- Looking for gz-common5-geospatial -- found version 5.7.1
[1.039s] -- Searching for dependencies of gz-common5-geospatial
[1.040s] -- Looking for gz-math7 -- found version 7.5.2
[1.040s] -- Looking for gz-common5 -- found version 5.7.1
[1.041s] -- Looking for gz-plugin2 -- found version 2.0.4
[1.041s] -- Searching for dependencies of gz-plugin2
[1.042s] -- Looking for gz-utils2 -- found version 2.2.1
[1.042s] -- Searching for <gz-plugin2> component [all]
[1.042s] -- Looking for all libraries of gz-plugin2 -- found version 2.0.4
[1.043s] -- Looking for gz-plugin2 -- found version 2.0.4
[1.044s] -- Looking for gz-utils2 -- found version 2.2.1
[1.049s] -- Looking for gz-msgs10 -- found version 10.3.2
[1.070s] -- Looking for gz-physics7 -- found version 7.6.0
[1.070s] -- Searching for dependencies of gz-physics7
[1.071s] -- Looking for gz-common5 -- found version 5.7.1
[1.071s] -- Looking for gz-math7 -- found version 7.5.2
[1.071s] -- Looking for gz-plugin2 -- found version 2.0.4
[1.071s] -- Looking for gz-utils2 -- found version 2.2.1
[1.073s] -- Searching for <gz-physics7> component [heightmap]
[1.073s] -- Looking for gz-physics7-heightmap -- found version 7.6.0
[1.073s] -- Searching for dependencies of gz-physics7-heightmap
[1.074s] -- Looking for gz-common5 -- found version 5.7.1
[1.074s] -- Searching for <gz-physics7> component [mesh]
[1.074s] -- Looking for gz-physics7-mesh -- found version 7.6.0
[1.074s] -- Searching for dependencies of gz-physics7-mesh
[1.075s] -- Looking for gz-common5 -- found version 5.7.1
[1.075s] -- Searching for <gz-physics7> component [sdf]
[1.076s] -- Looking for gz-physics7-sdf -- found version 7.6.0
[1.076s] -- Searching for dependencies of gz-physics7-sdf
[1.076s] -- Looking for sdformat14 -- found version 14.8.0
[1.077s] -- Looking for gz-sensors8 -- found version 8.2.2
[1.077s] -- Searching for dependencies of gz-sensors8
[1.099s] -- Looking for gz-math7 -- found version 7.5.2
[1.099s] -- Looking for gz-common5 -- found version 5.7.1
[1.099s] -- Looking for gz-transport13 -- found version 13.5.0
[1.100s] -- Looking for gz-rendering8 -- found version 8.2.3
[1.100s] -- Looking for gz-msgs10 -- found version 10.3.2
[1.100s] -- Looking for sdformat14 -- found version 14.8.0
[1.101s] -- Searching for <gz-sensors8> component [air_pressure]
[1.102s] -- Looking for gz-sensors8-air_pressure -- found version 8.2.2
[1.102s] -- Searching for dependencies of gz-sensors8-air_pressure
[1.103s] -- Searching for <gz-sensors8> component [air_speed]
[1.103s] -- Looking for gz-sensors8-air_speed -- found version 8.2.2
[1.103s] -- Searching for dependencies of gz-sensors8-air_speed
[1.104s] -- Searching for <gz-sensors8> component [altimeter]
[1.104s] -- Looking for gz-sensors8-altimeter -- found version 8.2.2
[1.105s] -- Searching for dependencies of gz-sensors8-altimeter
[1.105s] -- Searching for <gz-sensors8> component [imu]
[1.106s] -- Looking for gz-sensors8-imu -- found version 8.2.2
[1.106s] -- Searching for dependencies of gz-sensors8-imu
[1.106s] -- Searching for <gz-sensors8> component [force_torque]
[1.107s] -- Looking for gz-sensors8-force_torque -- found version 8.2.2
[1.107s] -- Searching for dependencies of gz-sensors8-force_torque
[1.108s] -- Searching for <gz-sensors8> component [logical_camera]
[1.108s] -- Looking for gz-sensors8-logical_camera -- found version 8.2.2
[1.108s] -- Searching for dependencies of gz-sensors8-logical_camera
[1.109s] -- Searching for <gz-sensors8> component [magnetometer]
[1.109s] -- Looking for gz-sensors8-magnetometer -- found version 8.2.2
[1.110s] -- Searching for dependencies of gz-sensors8-magnetometer
[1.110s] -- Searching for <gz-sensors8> component [navsat]
[1.111s] -- Looking for gz-sensors8-navsat -- found version 8.2.2
[1.111s] -- Searching for dependencies of gz-sensors8-navsat
[1.111s] -- Searching for <gz-sensors8> component [dvl]
[1.112s] -- Looking for gz-sensors8-dvl -- found version 8.2.2
[1.112s] -- Searching for dependencies of gz-sensors8-dvl
[1.112s] -- Looking for gz-sensors8 -- found version 8.2.2
[1.113s] -- Searching for dependencies of gz-sensors8
[1.134s] -- Looking for gz-math7 -- found version 7.5.2
[1.134s] -- Looking for gz-common5 -- found version 5.7.1
[1.134s] -- Looking for gz-transport13 -- found version 13.5.0
[1.135s] -- Looking for gz-rendering8 -- found version 8.2.3
[1.135s] -- Looking for gz-msgs10 -- found version 10.3.2
[1.135s] -- Looking for sdformat14 -- found version 14.8.0
[1.135s] -- Searching for <gz-sensors8> component [rendering]
[1.136s] -- Looking for gz-sensors8-rendering -- found version 8.2.2
[1.136s] -- Searching for dependencies of gz-sensors8-rendering
[1.137s] -- Searching for <gz-sensors8> component [rendering]
[1.137s] -- Searching for <gz-sensors8> component [lidar]
[1.138s] -- Looking for gz-sensors8-lidar -- found version 8.2.2
[1.138s] -- Searching for dependencies of gz-sensors8-lidar
[1.138s] -- Looking for gz-sensors8 -- found version 8.2.2
[1.139s] -- Searching for <gz-sensors8> component [gpu_lidar]
[1.139s] -- Looking for gz-sensors8-gpu_lidar -- found version 8.2.2
[1.140s] -- Searching for dependencies of gz-sensors8-gpu_lidar
[1.140s] -- Looking for gz-sensors8 -- found version 8.2.2
[1.141s] -- Searching for <gz-sensors8> component [camera]
[1.141s] -- Looking for gz-sensors8-camera -- found version 8.2.2
[1.141s] -- Searching for dependencies of gz-sensors8-camera
[1.141s] -- Looking for gz-sensors8 -- found version 8.2.2
[1.142s] -- Searching for <gz-sensors8> component [boundingbox_camera]
[1.143s] -- Looking for gz-sensors8-boundingbox_camera -- found version 8.2.2
[1.143s] -- Searching for dependencies of gz-sensors8-boundingbox_camera
[1.143s] -- Searching for <gz-sensors8> component [segmentation_camera]
[1.144s] -- Looking for gz-sensors8-segmentation_camera -- found version 8.2.2
[1.144s] -- Searching for dependencies of gz-sensors8-segmentation_camera
[1.144s] -- Searching for <gz-sensors8> component [depth_camera]
[1.145s] -- Looking for gz-sensors8-depth_camera -- found version 8.2.2
[1.145s] -- Searching for dependencies of gz-sensors8-depth_camera
[1.145s] -- Looking for gz-sensors8 -- found version 8.2.2
[1.146s] -- Searching for <gz-sensors8> component [rgbd_camera]
[1.147s] -- Looking for gz-sensors8-rgbd_camera -- found version 8.2.2
[1.147s] -- Searching for dependencies of gz-sensors8-rgbd_camera
[1.147s] -- Looking for gz-sensors8 -- found version 8.2.2
[1.148s] -- Searching for <gz-sensors8> component [thermal_camera]
[1.148s] -- Looking for gz-sensors8-thermal_camera -- found version 8.2.2
[1.148s] -- Searching for dependencies of gz-sensors8-thermal_camera
[1.148s] -- Looking for gz-sensors8 -- found version 8.2.2
[1.149s] -- Searching for <gz-sensors8> component [wide_angle_camera]
[1.150s] -- Looking for gz-sensors8-wide_angle_camera -- found version 8.2.2
[1.150s] -- Searching for dependencies of gz-sensors8-wide_angle_camera
[1.151s] -- Looking for gz-rendering8 -- found version 8.2.3
[1.151s] -- Looking for gz-math7 -- found version 7.5.2
[1.151s] -- Looking for gz-utils2 -- found version 2.2.1
[1.174s] -- Looking for sdformat14 -- found version 14.8.0
[1.174s] -- Found ament_lint_auto: 0.17.4 (/opt/ros/jazzy/share/ament_lint_auto/cmake)
[1.256s] -- Added test 'copyright' to check source files copyright and LICENSE
[1.258s] -- Added test 'cppcheck' to perform static code analysis on C / C++ code
[1.258s] -- Configured cppcheck include dirs: /home/berenic/Documents/LPRS2_2026/Robo_Hand_RS485/ROS2/robo_hand_ws/src/xarm_ros2/xarm_gazebo/include
[1.258s] -- Configured cppcheck exclude dirs and/or files: 
[1.259s] -- Added test 'cpplint' to check C / C++ code against the Google style
[1.259s] -- Configured cpplint exclude dirs and/or files: 
[1.260s] -- Added test 'flake8' to check Python code syntax and style conventions
[1.260s] -- Configured 'flake8' exclude dirs and/or files: 
[1.260s] -- Added test 'lint_cmake' to check CMake code style
[1.261s] -- Added test 'pep257' to check Python code against some of the docstring style conventions in PEP 257
[1.262s] -- Added test 'uncrustify' to check C / C++ code style
[1.262s] -- Configured uncrustify additional arguments: 
[1.262s] -- Added test 'xmllint' to check XML markup files
[1.264s] -- Configuring done (1.2s)
[1.280s] -- Generating done (0.0s)
[1.283s] -- Build files have been written to: /home/berenic/Documents/LPRS2_2026/Robo_Hand_RS485/ROS2/robo_hand_ws/build/xarm_gazebo
[1.338s] [100%] Built target gazebo_mimic_joint_plugin
[1.350s] Invoked command in '/home/berenic/Documents/LPRS2_2026/Robo_Hand_RS485/ROS2/robo_hand_ws/build/xarm_gazebo' returned '0': AMENT_PREFIX_PATH=/home/berenic/Documents/LPRS2_2026/Robo_Hand_RS485/ROS2/robo_hand_ws/install/uf_ros_lib:/home/berenic/Documents/LPRS2_2026/Robo_Hand_RS485/ROS2/robo_hand_ws/install/glue_events_routines:/home/berenic/Documents/LPRS2_2026/Robo_Hand_RS485/ROS2/robo_hand_ws/install/xarm_planner:/home/berenic/Documents/LPRS2_2026/Robo_Hand_RS485/ROS2/robo_hand_ws/install/xarm_moveit_servo:/home/berenic/Documents/LPRS2_2026/Robo_Hand_RS485/ROS2/robo_hand_ws/install/xarm_moveit_config:/home/berenic/Documents/LPRS2_2026/Robo_Hand_RS485/ROS2/robo_hand_ws/install/xarm_gazebo:/home/berenic/Documents/LPRS2_2026/Robo_Hand_RS485/ROS2/robo_hand_ws/install/xarm_controller:/home/berenic/Documents/LPRS2_2026/Robo_Hand_RS485/ROS2/robo_hand_ws/install/xarm_api:/home/berenic/Documents/LPRS2_2026/Robo_Hand_RS485/ROS2/robo_hand_ws/install/xarm_sdk:/home/berenic/Documents/LPRS2_2026/Robo_Hand_RS485/ROS2/robo_hand_ws/install/xarm_msgs:/home/berenic/Documents/LPRS2_2026/Robo_Hand_RS485/ROS2/robo_hand_ws/install/xarm_description:/home/berenic/Documents/LPRS2_2026/Robo_Hand_RS485/ROS2/robo_hand_ws/install/mbot_demo:/home/berenic/Documents/LPRS2_2026/Robo_Hand_RS485/ROS2/robo_hand_ws/install/realsense_gazebo_plugin:/opt/ros/jazzy CMAKE_PREFIX_PATH=/home/berenic/Documents/LPRS2_2026/Robo_Hand_RS485/ROS2/robo_hand_ws/install/xarm_controller:/home/berenic/Documents/LPRS2_2026/Robo_Hand_RS485/ROS2/robo_hand_ws/install/xarm_api:/home/berenic/Documents/LPRS2_2026/Robo_Hand_RS485/ROS2/robo_hand_ws/install/xarm_sdk:/home/berenic/Documents/LPRS2_2026/Robo_Hand_RS485/ROS2/robo_hand_ws/install/xarm_msgs:/home/berenic/Documents/LPRS2_2026/Robo_Hand_RS485/ROS2/robo_hand_ws/install/xarm_description:/home/berenic/Documents/LPRS2_2026/Robo_Hand_RS485/ROS2/robo_hand_ws/install/glue_events_routines:/home/berenic/Documents/LPRS2_2026/Robo_Hand_RS485/ROS2/robo_hand_ws/install/xarm_planner:/home/berenic/Documents/LPRS2_2026/Robo_Hand_RS485/ROS2/robo_hand_ws/install/xarm_moveit_servo:/home/berenic/Documents/LPRS2_2026/Robo_Hand_RS485/ROS2/robo_hand_ws/install/xarm_moveit_config:/home/berenic/Documents/LPRS2_2026/Robo_Hand_RS485/ROS2/robo_hand_ws/install/xarm_gazebo:/home/berenic/Documents/LPRS2_2026/Robo_Hand_RS485/ROS2/robo_hand_ws/install/mbot_demo:/home/berenic/Documents/LPRS2_2026/Robo_Hand_RS485/ROS2/robo_hand_ws/install/realsense_gazebo_plugin:/opt/ros/jazzy/opt/gz_sim_vendor:/opt/ros/jazzy/opt/gz_sensors_vendor:/opt/ros/jazzy/opt/gz_physics_vendor:/opt/ros/jazzy/opt/sdformat_vendor:/opt/ros/jazzy/opt/gz_gui_vendor:/opt/ros/jazzy/opt/gz_transport_vendor:/opt/ros/jazzy/opt/gz_rendering_vendor:/opt/ros/jazzy/opt/gz_plugin_vendor:/opt/ros/jazzy/opt/gz_fuel_tools_vendor:/opt/ros/jazzy/opt/gz_msgs_vendor:/opt/ros/jazzy/opt/gz_common_vendor:/opt/ros/jazzy/opt/gz_math_vendor:/opt/ros/jazzy/opt/gz_utils_vendor:/opt/ros/jazzy/opt/gz_tools_vendor:/opt/ros/jazzy/opt/gz_ogre_next_vendor:/opt/ros/jazzy/opt/gz_dartsim_vendor:/opt/ros/jazzy/opt/gz_cmake_vendor:/home/berenic/Documents/LPRS2_2026/Robo_Hand_RS485/ROS2/robo_hand_ws/install/uf_ros_lib:/opt/ros/jazzy DEBUGINFOD_URLS=https://debuginfod.ubuntu.com LD_LIBRARY_PATH=/home/berenic/Documents/LPRS2_2026/Robo_Hand_RS485/ROS2/robo_hand_ws/install/xarm_controller/lib:/home/berenic/Documents/LPRS2_2026/Robo_Hand_RS485/ROS2/robo_hand_ws/install/xarm_api/lib:/home/berenic/Documents/LPRS2_2026/Robo_Hand_RS485/ROS2/robo_hand_ws/install/xarm_sdk/lib:/home/berenic/Documents/LPRS2_2026/Robo_Hand_RS485/ROS2/robo_hand_ws/install/xarm_msgs/lib:/home/berenic/Documents/LPRS2_2026/Robo_Hand_RS485/ROS2/robo_hand_ws/install/xarm_planner/lib:/home/berenic/Documents/LPRS2_2026/Robo_Hand_RS485/ROS2/robo_hand_ws/install/xarm_moveit_servo/lib:/home/berenic/Documents/LPRS2_2026/Robo_Hand_RS485/ROS2/robo_hand_ws/install/xarm_gazebo/lib:/home/berenic/Documents/LPRS2_2026/Robo_Hand_RS485/ROS2/robo_hand_ws/install/realsense_gazebo_plugin/lib:/opt/ros/jazzy/opt/gz_sim_vendor/lib:/opt/ros/jazzy/opt/gz_sensors_vendor/lib:/opt/ros/jazzy/opt/gz_physics_vendor/lib:/opt/ros/jazzy/opt/sdformat_vendor/lib:/opt/ros/jazzy/opt/rviz_ogre_vendor/lib:/opt/ros/jazzy/lib/x86_64-linux-gnu:/opt/ros/jazzy/opt/gz_gui_vendor/lib:/opt/ros/jazzy/opt/gz_transport_vendor/lib:/opt/ros/jazzy/opt/gz_rendering_vendor/lib:/opt/ros/jazzy/opt/gz_plugin_vendor/lib:/opt/ros/jazzy/opt/gz_fuel_tools_vendor/lib:/opt/ros/jazzy/opt/gz_msgs_vendor/lib:/opt/ros/jazzy/opt/gz_common_vendor/lib:/opt/ros/jazzy/opt/gz_math_vendor/lib:/opt/ros/jazzy/opt/gz_utils_vendor/lib:/opt/ros/jazzy/opt/gz_tools_vendor/lib:/opt/ros/jazzy/opt/gz_ogre_next_vendor/lib:/opt/ros/jazzy/opt/gz_dartsim_vendor/lib:/opt/ros/jazzy/opt/gz_cmake_vendor/lib:/opt/ros/jazzy/lib /usr/bin/cmake --build /home/berenic/Documents/LPRS2_2026/Robo_Hand_RS485/ROS2/robo_hand_ws/build/xarm_gazebo -- -j12 -l12
[1.351s] Invoking command in '/home/berenic/Documents/LPRS2_2026/Robo_Hand_RS485/ROS2/robo_hand_ws/build/xarm_gazebo': AMENT_PREFIX_PATH=/home/berenic/Documents/LPRS2_2026/Robo_Hand_RS485/ROS2/robo_hand_ws/install/uf_ros_lib:/home/berenic/Documents/LPRS2_2026/Robo_Hand_RS485/ROS2/robo_hand_ws/install/glue_events_routines:/home/berenic/Documents/LPRS2_2026/Robo_Hand_RS485/ROS2/robo_hand_ws/install/xarm_planner:/home/berenic/Documents/LPRS2_2026/Robo_Hand_RS485/ROS2/robo_hand_ws/install/xarm_moveit_servo:/home/berenic/Documents/LPRS2_2026/Robo_Hand_RS485/ROS2/robo_hand_ws/install/xarm_moveit_config:/home/berenic/Documents/LPRS2_2026/Robo_Hand_RS485/ROS2/robo_hand_ws/install/xarm_gazebo:/home/berenic/Documents/LPRS2_2026/Robo_Hand_RS485/ROS2/robo_hand_ws/install/xarm_controller:/home/berenic/Documents/LPRS2_2026/Robo_Hand_RS485/ROS2/robo_hand_ws/install/xarm_api:/home/berenic/Documents/LPRS2_2026/Robo_Hand_RS485/ROS2/robo_hand_ws/install/xarm_sdk:/home/berenic/Documents/LPRS2_2026/Robo_Hand_RS485/ROS2/robo_hand_ws/install/xarm_msgs:/home/berenic/Documents/LPRS2_2026/Robo_Hand_RS485/ROS2/robo_hand_ws/install/xarm_description:/home/berenic/Documents/LPRS2_2026/Robo_Hand_RS485/ROS2/robo_hand_ws/install/mbot_demo:/home/berenic/Documents/LPRS2_2026/Robo_Hand_RS485/ROS2/robo_hand_ws/install/realsense_gazebo_plugin:/opt/ros/jazzy CMAKE_PREFIX_PATH=/home/berenic/Documents/LPRS2_2026/Robo_Hand_RS485/ROS2/robo_hand_ws/install/xarm_controller:/home/berenic/Documents/LPRS2_2026/Robo_Hand_RS485/ROS2/robo_hand_ws/install/xarm_api:/home/berenic/Documents/LPRS2_2026/Robo_Hand_RS485/ROS2/robo_hand_ws/install/xarm_sdk:/home/berenic/Documents/LPRS2_2026/Robo_Hand_RS485/ROS2/robo_hand_ws/install/xarm_msgs:/home/berenic/Documents/LPRS2_2026/Robo_Hand_RS485/ROS2/robo_hand_ws/install/xarm_description:/home/berenic/Documents/LPRS2_2026/Robo_Hand_RS485/ROS2/robo_hand_ws/install/glue_events_routines:/home/berenic/Documents/LPRS2_2026/Robo_Hand_RS485/ROS2/robo_hand_ws/install/xarm_planner:/home/berenic/Documents/LPRS2_2026/Robo_Hand_RS485/ROS2/robo_hand_ws/install/xarm_moveit_servo:/home/berenic/Documents/LPRS2_2026/Robo_Hand_RS485/ROS2/robo_hand_ws/install/xarm_moveit_config:/home/berenic/Documents/LPRS2_2026/Robo_Hand_RS485/ROS2/robo_hand_ws/install/xarm_gazebo:/home/berenic/Documents/LPRS2_2026/Robo_Hand_RS485/ROS2/robo_hand_ws/install/mbot_demo:/home/berenic/Documents/LPRS2_2026/Robo_Hand_RS485/ROS2/robo_hand_ws/install/realsense_gazebo_plugin:/opt/ros/jazzy/opt/gz_sim_vendor:/opt/ros/jazzy/opt/gz_sensors_vendor:/opt/ros/jazzy/opt/gz_physics_vendor:/opt/ros/jazzy/opt/sdformat_vendor:/opt/ros/jazzy/opt/gz_gui_vendor:/opt/ros/jazzy/opt/gz_transport_vendor:/opt/ros/jazzy/opt/gz_rendering_vendor:/opt/ros/jazzy/opt/gz_plugin_vendor:/opt/ros/jazzy/opt/gz_fuel_tools_vendor:/opt/ros/jazzy/opt/gz_msgs_vendor:/opt/ros/jazzy/opt/gz_common_vendor:/opt/ros/jazzy/opt/gz_math_vendor:/opt/ros/jazzy/opt/gz_utils_vendor:/opt/ros/jazzy/opt/gz_tools_vendor:/opt/ros/jazzy/opt/gz_ogre_next_vendor:/opt/ros/jazzy/opt/gz_dartsim_vendor:/opt/ros/jazzy/opt/gz_cmake_vendor:/home/berenic/Documents/LPRS2_2026/Robo_Hand_RS485/ROS2/robo_hand_ws/install/uf_ros_lib:/opt/ros/jazzy DEBUGINFOD_URLS=https://debuginfod.ubuntu.com LD_LIBRARY_PATH=/home/berenic/Documents/LPRS2_2026/Robo_Hand_RS485/ROS2/robo_hand_ws/install/xarm_controller/lib:/home/berenic/Documents/LPRS2_2026/Robo_Hand_RS485/ROS2/robo_hand_ws/install/xarm_api/lib:/home/berenic/Documents/LPRS2_2026/Robo_Hand_RS485/ROS2/robo_hand_ws/install/xarm_sdk/lib:/home/berenic/Documents/LPRS2_2026/Robo_Hand_RS485/ROS2/robo_hand_ws/install/xarm_msgs/lib:/home/berenic/Documents/LPRS2_2026/Robo_Hand_RS485/ROS2/robo_hand_ws/install/xarm_planner/lib:/home/berenic/Documents/LPRS2_2026/Robo_Hand_RS485/ROS2/robo_hand_ws/install/xarm_moveit_servo/lib:/home/berenic/Documents/LPRS2_2026/Robo_Hand_RS485/ROS2/robo_hand_ws/install/xarm_gazebo/lib:/home/berenic/Documents/LPRS2_2026/Robo_Hand_RS485/ROS2/robo_hand_ws/install/realsense_gazebo_plugin/lib:/opt/ros/jazzy/opt/gz_sim_vendor/lib:/opt/ros/jazzy/opt/gz_sensors_vendor/lib:/opt/ros/jazzy/opt/gz_physics_vendor/lib:/opt/ros/jazzy/opt/sdformat_vendor/lib:/opt/ros/jazzy/opt/rviz_ogre_vendor/lib:/opt/ros/jazzy/lib/x86_64-linux-gnu:/opt/ros/jazzy/opt/gz_gui_vendor/lib:/opt/ros/jazzy/opt/gz_transport_vendor/lib:/opt/ros/jazzy/opt/gz_rendering_vendor/lib:/opt/ros/jazzy/opt/gz_plugin_vendor/lib:/opt/ros/jazzy/opt/gz_fuel_tools_vendor/lib:/opt/ros/jazzy/opt/gz_msgs_vendor/lib:/opt/ros/jazzy/opt/gz_common_vendor/lib:/opt/ros/jazzy/opt/gz_math_vendor/lib:/opt/ros/jazzy/opt/gz_utils_vendor/lib:/opt/ros/jazzy/opt/gz_tools_vendor/lib:/opt/ros/jazzy/opt/gz_ogre_next_vendor/lib:/opt/ros/jazzy/opt/gz_dartsim_vendor/lib:/opt/ros/jazzy/opt/gz_cmake_vendor/lib:/opt/ros/jazzy/lib /usr/bin/cmake --install /home/berenic/Documents/LPRS2_2026/Robo_Hand_RS485/ROS2/robo_hand_ws/build/xarm_gazebo
[1.360s] -- Install configuration: ""
[1.361s] -- Execute custom install script
[1.361s] -- Up-to-date symlink: /home/berenic/Documents/LPRS2_2026/Robo_Hand_RS485/ROS2/robo_hand_ws/install/xarm_gazebo/lib/libgazebo_mimic_joint_plugin.so
[1.361s] -- Up-to-date symlink: /home/berenic/Documents/LPRS2_2026/Robo_Hand_RS485/ROS2/robo_hand_ws/install/xarm_gazebo/share/xarm_gazebo//worlds/table.world
[1.362s] -- Up-to-date symlink: /home/berenic/Documents/LPRS2_2026/Robo_Hand_RS485/ROS2/robo_hand_ws/install/xarm_gazebo/share/xarm_gazebo//worlds/table_gz.world
[1.362s] -- Up-to-date symlink: /home/berenic/Documents/LPRS2_2026/Robo_Hand_RS485/ROS2/robo_hand_ws/install/xarm_gazebo/share/xarm_gazebo//launch/_dual_robot_beside_table_gazebo.launch.py
[1.362s] -- Up-to-date symlink: /home/berenic/Documents/LPRS2_2026/Robo_Hand_RS485/ROS2/robo_hand_ws/install/xarm_gazebo/share/xarm_gazebo//launch/_robot_beside_table_gazebo.launch.py
[1.362s] -- Up-to-date symlink: /home/berenic/Documents/LPRS2_2026/Robo_Hand_RS485/ROS2/robo_hand_ws/install/xarm_gazebo/share/xarm_gazebo//launch/lite6_beside_table_gazebo.launch.py
[1.363s] -- Up-to-date symlink: /home/berenic/Documents/LPRS2_2026/Robo_Hand_RS485/ROS2/robo_hand_ws/install/xarm_gazebo/share/xarm_gazebo//launch/uf850_beside_table_gazebo.launch.py
[1.363s] -- Up-to-date symlink: /home/berenic/Documents/LPRS2_2026/Robo_Hand_RS485/ROS2/robo_hand_ws/install/xarm_gazebo/share/xarm_gazebo//launch/xarm5_beside_table_gazebo.launch.py
[1.363s] -- Up-to-date symlink: /home/berenic/Documents/LPRS2_2026/Robo_Hand_RS485/ROS2/robo_hand_ws/install/xarm_gazebo/share/xarm_gazebo//launch/xarm6_beside_table_gazebo.launch.py
[1.363s] -- Up-to-date symlink: /home/berenic/Documents/LPRS2_2026/Robo_Hand_RS485/ROS2/robo_hand_ws/install/xarm_gazebo/share/xarm_gazebo//launch/xarm7_beside_table_gazebo.launch.py
[1.364s] -- Up-to-date symlink: /home/berenic/Documents/LPRS2_2026/Robo_Hand_RS485/ROS2/robo_hand_ws/install/xarm_gazebo/share/xarm_gazebo//launch/xarm7_mirror_beside_table_gazebo.launch.py
[1.364s] -- Up-to-date symlink: /home/berenic/Documents/LPRS2_2026/Robo_Hand_RS485/ROS2/robo_hand_ws/install/xarm_gazebo/share/ament_index/resource_index/package_run_dependencies/xarm_gazebo
[1.364s] -- Up-to-date symlink: /home/berenic/Documents/LPRS2_2026/Robo_Hand_RS485/ROS2/robo_hand_ws/install/xarm_gazebo/share/ament_index/resource_index/parent_prefix_path/xarm_gazebo
[1.364s] -- Up-to-date symlink: /home/berenic/Documents/LPRS2_2026/Robo_Hand_RS485/ROS2/robo_hand_ws/install/xarm_gazebo/share/xarm_gazebo/environment/ament_prefix_path.sh
[1.365s] -- Up-to-date symlink: /home/berenic/Documents/LPRS2_2026/Robo_Hand_RS485/ROS2/robo_hand_ws/install/xarm_gazebo/share/xarm_gazebo/environment/ament_prefix_path.dsv
[1.365s] -- Up-to-date symlink: /home/berenic/Documents/LPRS2_2026/Robo_Hand_RS485/ROS2/robo_hand_ws/install/xarm_gazebo/share/xarm_gazebo/environment/path.sh
[1.365s] -- Up-to-date symlink: /home/berenic/Documents/LPRS2_2026/Robo_Hand_RS485/ROS2/robo_hand_ws/install/xarm_gazebo/share/xarm_gazebo/environment/path.dsv
[1.365s] -- Up-to-date symlink: /home/berenic/Documents/LPRS2_2026/Robo_Hand_RS485/ROS2/robo_hand_ws/install/xarm_gazebo/share/xarm_gazebo/local_setup.bash
[1.366s] -- Up-to-date symlink: /home/berenic/Documents/LPRS2_2026/Robo_Hand_RS485/ROS2/robo_hand_ws/install/xarm_gazebo/share/xarm_gazebo/local_setup.sh
[1.366s] -- Up-to-date symlink: /home/berenic/Documents/LPRS2_2026/Robo_Hand_RS485/ROS2/robo_hand_ws/install/xarm_gazebo/share/xarm_gazebo/local_setup.zsh
[1.366s] -- Up-to-date symlink: /home/berenic/Documents/LPRS2_2026/Robo_Hand_RS485/ROS2/robo_hand_ws/install/xarm_gazebo/share/xarm_gazebo/local_setup.dsv
[1.366s] -- Symlinking: /home/berenic/Documents/LPRS2_2026/Robo_Hand_RS485/ROS2/robo_hand_ws/install/xarm_gazebo/share/xarm_gazebo/package.dsv
[1.376s] -- Up-to-date symlink: /home/berenic/Documents/LPRS2_2026/Robo_Hand_RS485/ROS2/robo_hand_ws/install/xarm_gazebo/share/ament_index/resource_index/packages/xarm_gazebo
[1.376s] -- Up-to-date symlink: /home/berenic/Documents/LPRS2_2026/Robo_Hand_RS485/ROS2/robo_hand_ws/install/xarm_gazebo/share/xarm_gazebo/cmake/xarm_gazeboConfig.cmake
[1.377s] -- Up-to-date symlink: /home/berenic/Documents/LPRS2_2026/Robo_Hand_RS485/ROS2/robo_hand_ws/install/xarm_gazebo/share/xarm_gazebo/cmake/xarm_gazeboConfig-version.cmake
[1.377s] -- Up-to-date symlink: /home/berenic/Documents/LPRS2_2026/Robo_Hand_RS485/ROS2/robo_hand_ws/install/xarm_gazebo/share/xarm_gazebo/package.xml
[1.379s] Invoked command in '/home/berenic/Documents/LPRS2_2026/Robo_Hand_RS485/ROS2/robo_hand_ws/build/xarm_gazebo' returned '0': AMENT_PREFIX_PATH=/home/berenic/Documents/LPRS2_2026/Robo_Hand_RS485/ROS2/robo_hand_ws/install/uf_ros_lib:/home/berenic/Documents/LPRS2_2026/Robo_Hand_RS485/ROS2/robo_hand_ws/install/glue_events_routines:/home/berenic/Documents/LPRS2_2026/Robo_Hand_RS485/ROS2/robo_hand_ws/install/xarm_planner:/home/berenic/Documents/LPRS2_2026/Robo_Hand_RS485/ROS2/robo_hand_ws/install/xarm_moveit_servo:/home/berenic/Documents/LPRS2_2026/Robo_Hand_RS485/ROS2/robo_hand_ws/install/xarm_moveit_config:/home/berenic/Documents/LPRS2_2026/Robo_Hand_RS485/ROS2/robo_hand_ws/install/xarm_gazebo:/home/berenic/Documents/LPRS2_2026/Robo_Hand_RS485/ROS2/robo_hand_ws/install/xarm_controller:/home/berenic/Documents/LPRS2_2026/Robo_Hand_RS485/ROS2/robo_hand_ws/install/xarm_api:/home/berenic/Documents/LPRS2_2026/Robo_Hand_RS485/ROS2/robo_hand_ws/install/xarm_sdk:/home/berenic/Documents/LPRS2_2026/Robo_Hand_RS485/ROS2/robo_hand_ws/install/xarm_msgs:/home/berenic/Documents/LPRS2_2026/Robo_Hand_RS485/ROS2/robo_hand_ws/install/xarm_description:/home/berenic/Documents/LPRS2_2026/Robo_Hand_RS485/ROS2/robo_hand_ws/install/mbot_demo:/home/berenic/Documents/LPRS2_2026/Robo_Hand_RS485/ROS2/robo_hand_ws/install/realsense_gazebo_plugin:/opt/ros/jazzy CMAKE_PREFIX_PATH=/home/berenic/Documents/LPRS2_2026/Robo_Hand_RS485/ROS2/robo_hand_ws/install/xarm_controller:/home/berenic/Documents/LPRS2_2026/Robo_Hand_RS485/ROS2/robo_hand_ws/install/xarm_api:/home/berenic/Documents/LPRS2_2026/Robo_Hand_RS485/ROS2/robo_hand_ws/install/xarm_sdk:/home/berenic/Documents/LPRS2_2026/Robo_Hand_RS485/ROS2/robo_hand_ws/install/xarm_msgs:/home/berenic/Documents/LPRS2_2026/Robo_Hand_RS485/ROS2/robo_hand_ws/install/xarm_description:/home/berenic/Documents/LPRS2_2026/Robo_Hand_RS485/ROS2/robo_hand_ws/install/glue_events_routines:/home/berenic/Documents/LPRS2_2026/Robo_Hand_RS485/ROS2/robo_hand_ws/install/xarm_planner:/home/berenic/Documents/LPRS2_2026/Robo_Hand_RS485/ROS2/robo_hand_ws/install/xarm_moveit_servo:/home/berenic/Documents/LPRS2_2026/Robo_Hand_RS485/ROS2/robo_hand_ws/install/xarm_moveit_config:/home/berenic/Documents/LPRS2_2026/Robo_Hand_RS485/ROS2/robo_hand_ws/install/xarm_gazebo:/home/berenic/Documents/LPRS2_2026/Robo_Hand_RS485/ROS2/robo_hand_ws/install/mbot_demo:/home/berenic/Documents/LPRS2_2026/Robo_Hand_RS485/ROS2/robo_hand_ws/install/realsense_gazebo_plugin:/opt/ros/jazzy/opt/gz_sim_vendor:/opt/ros/jazzy/opt/gz_sensors_vendor:/opt/ros/jazzy/opt/gz_physics_vendor:/opt/ros/jazzy/opt/sdformat_vendor:/opt/ros/jazzy/opt/gz_gui_vendor:/opt/ros/jazzy/opt/gz_transport_vendor:/opt/ros/jazzy/opt/gz_rendering_vendor:/opt/ros/jazzy/opt/gz_plugin_vendor:/opt/ros/jazzy/opt/gz_fuel_tools_vendor:/opt/ros/jazzy/opt/gz_msgs_vendor:/opt/ros/jazzy/opt/gz_common_vendor:/opt/ros/jazzy/opt/gz_math_vendor:/opt/ros/jazzy/opt/gz_utils_vendor:/opt/ros/jazzy/opt/gz_tools_vendor:/opt/ros/jazzy/opt/gz_ogre_next_vendor:/opt/ros/jazzy/opt/gz_dartsim_vendor:/opt/ros/jazzy/opt/gz_cmake_vendor:/home/berenic/Documents/LPRS2_2026/Robo_Hand_RS485/ROS2/robo_hand_ws/install/uf_ros_lib:/opt/ros/jazzy DEBUGINFOD_URLS=https://debuginfod.ubuntu.com LD_LIBRARY_PATH=/home/berenic/Documents/LPRS2_2026/Robo_Hand_RS485/ROS2/robo_hand_ws/install/xarm_controller/lib:/home/berenic/Documents/LPRS2_2026/Robo_Hand_RS485/ROS2/robo_hand_ws/install/xarm_api/lib:/home/berenic/Documents/LPRS2_2026/Robo_Hand_RS485/ROS2/robo_hand_ws/install/xarm_sdk/lib:/home/berenic/Documents/LPRS2_2026/Robo_Hand_RS485/ROS2/robo_hand_ws/install/xarm_msgs/lib:/home/berenic/Documents/LPRS2_2026/Robo_Hand_RS485/ROS2/robo_hand_ws/install/xarm_planner/lib:/home/berenic/Documents/LPRS2_2026/Robo_Hand_RS485/ROS2/robo_hand_ws/install/xarm_moveit_servo/lib:/home/berenic/Documents/LPRS2_2026/Robo_Hand_RS485/ROS2/robo_hand_ws/install/xarm_gazebo/lib:/home/berenic/Documents/LPRS2_2026/Robo_Hand_RS485/ROS2/robo_hand_ws/install/realsense_gazebo_plugin/lib:/opt/ros/jazzy/opt/gz_sim_vendor/lib:/opt/ros/jazzy/opt/gz_sensors_vendor/lib:/opt/ros/jazzy/opt/gz_physics_vendor/lib:/opt/ros/jazzy/opt/sdformat_vendor/lib:/opt/ros/jazzy/opt/rviz_ogre_vendor/lib:/opt/ros/jazzy/lib/x86_64-linux-gnu:/opt/ros/jazzy/opt/gz_gui_vendor/lib:/opt/ros/jazzy/opt/gz_transport_vendor/lib:/opt/ros/jazzy/opt/gz_rendering_vendor/lib:/opt/ros/jazzy/opt/gz_plugin_vendor/lib:/opt/ros/jazzy/opt/gz_fuel_tools_vendor/lib:/opt/ros/jazzy/opt/gz_msgs_vendor/lib:/opt/ros/jazzy/opt/gz_common_vendor/lib:/opt/ros/jazzy/opt/gz_math_vendor/lib:/opt/ros/jazzy/opt/gz_utils_vendor/lib:/opt/ros/jazzy/opt/gz_tools_vendor/lib:/opt/ros/jazzy/opt/gz_ogre_next_vendor/lib:/opt/ros/jazzy/opt/gz_dartsim_vendor/lib:/opt/ros/jazzy/opt/gz_cmake_vendor/lib:/opt/ros/jazzy/lib /usr/bin/cmake --install /home/berenic/Documents/LPRS2_2026/Robo_Hand_RS485/ROS2/robo_hand_ws/build/xarm_gazebo
