[ 50%] [32mBuilding CXX object CMakeFiles/hand_test.dir/src/hand_test.cpp.o[0m
[01m[K/home/berenic/Documents/LPRS2_2026/Robo_Hand_RS485/ROS2/robo_hand_ws/src/custom/glue_events_routines/src/hand_test.cpp:[m[K In function ‘[01m[Kint[01;32m[K main[m[K(int, char**)[m[K’:
[01m[K/home/berenic/Documents/LPRS2_2026/Robo_Hand_RS485/ROS2/robo_hand_ws/src/custom/glue_events_routines/src/hand_test.cpp:230:36:[m[K [01;31m[Kerror: [m[K‘[01m[KSetInt16[m[K’ is not a member of ‘[01m[Kxarm_msgs::srv[m[K’
  230 |     rclcpp::Client<xarm_msgs::srv::[01;31m[KSetInt16[m[K>::SharedPtr set_baudrate_client;
      |                                    [01;31m[K^~~~~~~~[m[K
[01m[K/home/berenic/Documents/LPRS2_2026/Robo_Hand_RS485/ROS2/robo_hand_ws/src/custom/glue_events_routines/src/hand_test.cpp:230:44:[m[K [01;31m[Kerror: [m[Ktemplate argument 1 is invalid
  230 |     rclcpp::Client<xarm_msgs::srv::SetInt16[01;31m[K>[m[K::SharedPtr set_baudrate_client;
      |                                            [01;31m[K^[m[K
[01m[K/home/berenic/Documents/LPRS2_2026/Robo_Hand_RS485/ROS2/robo_hand_ws/src/custom/glue_events_routines/src/hand_test.cpp:230:57:[m[K [01;31m[Kerror: [m[Kexpected initializer before ‘[01m[Kset_baudrate_client[m[K’
  230 |     rclcpp::Client<xarm_msgs::srv::SetInt16>::SharedPtr [01;31m[Kset_baudrate_client[m[K;
      |                                                         [01;31m[K^~~~~~~~~~~~~~~~~~~[m[K
[01m[K/home/berenic/Documents/LPRS2_2026/Robo_Hand_RS485/ROS2/robo_hand_ws/src/custom/glue_events_routines/src/hand_test.cpp:231:5:[m[K [01;31m[Kerror: [m[K‘[01m[Kset_baudrate_client[m[K’ was not declared in this scope
  231 |     [01;31m[Kset_baudrate_client[m[K = node->create_client<xarm_msgs::srv::SetInt16>("/ufactory/set_tgpio_modbus_baudrate");
      |     [01;31m[K^~~~~~~~~~~~~~~~~~~[m[K
[01m[K/home/berenic/Documents/LPRS2_2026/Robo_Hand_RS485/ROS2/robo_hand_ws/src/custom/glue_events_routines/src/hand_test.cpp:231:63:[m[K [01;31m[Kerror: [m[K‘[01m[KSetInt16[m[K’ is not a member of ‘[01m[Kxarm_msgs::srv[m[K’
  231 |   set_baudrate_client = node->create_client<xarm_msgs::srv::[01;31m[KSetInt16[m[K>("/ufactory/set_tgpio_modbus_baudrate");
      |                                                             [01;31m[K^~~~~~~~[m[K

[01m[K/home/berenic/Documents/LPRS2_2026/Robo_Hand_RS485/ROS2/robo_hand_ws/src/custom/glue_events_routines/src/hand_test.cpp:231:72:[m[K [01;31m[Kerror: [m[Kno matching function for call to ‘[01m[Krclcpp::Node::create_client<<expression error> >(const char [36])[m[K’
  231 | drate_client = [01;31m[Knode->create_client<xarm_msgs::srv::SetInt16>("/ufactory/set_tgpio_modbus_baudrate")[m[K;
      |                [01;31m[K~~~~~~~~~~~~~~~~~~~~~~~~~~~~~~~~~~~~~~~~~~~~~^~~~~~~~~~~~~~~~~~~~~~~~~~~~~~~~~~~~~~~[m[K

In file included from [01m[K/opt/ros/jazzy/include/rclcpp/rclcpp/executors/single_threaded_executor.hpp:28[m[K,
                 from [01m[K/opt/ros/jazzy/include/rclcpp/rclcpp/executors.hpp:22[m[K,
                 from [01m[K/opt/ros/jazzy/include/rclcpp/rclcpp/rclcpp.hpp:172[m[K,
                 from [01m[K/home/berenic/Documents/LPRS2_2026/Robo_Hand_RS485/ROS2/robo_hand_ws/src/custom/glue_events_routines/src/hand_test.cpp:5[m[K:
[01m[K/opt/ros/jazzy/include/rclcpp/rclcpp/node.hpp:271:3:[m[K [01;36m[Knote: [m[Kcandidate: ‘[01m[Ktemplate<class ServiceT> typename rclcpp::Client<ServiceT>::SharedPtr rclcpp::Node::[01;32m[Kcreate_client[m[K(const std::string&, const rmw_qos_profile_t&, rclcpp::CallbackGroup::SharedPtr)[m[K’
  271 |   [01;36m[Kcreate_client[m[K(
      |   [01;36m[K^~~~~~~~~~~~~[m[K
[01m[K/opt/ros/jazzy/include/rclcpp/rclcpp/node.hpp:271:3:[m[K [01;36m[Knote: [m[K  candidate expects 2 arguments, 1 provided
In file included from [01m[K/opt/ros/jazzy/include/rclcpp/rclcpp/node.hpp:1663[m[K:
[01m[K/opt/ros/jazzy/include/rclcpp/rclcpp/node_impl.hpp:143:1:[m[K [01;36m[Knote: [m[Kcandidate: ‘[01m[Ktemplate<class ServiceT> typename rclcpp::Client<ServiceT>::SharedPtr rclcpp::Node::[01;32m[Kcreate_client[m[K(const std::string&, const rclcpp::QoS&, rclcpp::CallbackGroup::SharedPtr)[m[K’
  143 | [01;36m[KNode[m[K::create_client(
      | [01;36m[K^~~~[m[K
[01m[K/opt/ros/jazzy/include/rclcpp/rclcpp/node_impl.hpp:143:1:[m[K [01;36m[Knote: [m[K  template argument deduction/substitution failed:
[01m[K/home/berenic/Documents/LPRS2_2026/Robo_Hand_RS485/ROS2/robo_hand_ws/src/custom/glue_events_routines/src/hand_test.cpp:231:72:[m[K [01;31m[Kerror: [m[Ktemplate argument 1 is invalid
  231 | drate_client = [01;31m[Knode->create_client<xarm_msgs::srv::SetInt16>("/ufactory/set_tgpio_modbus_baudrate")[m[K;
      |                [01;31m[K~~~~~~~~~~~~~~~~~~~~~~~~~~~~~~~~~~~~~~~~~~~~~^~~~~~~~~~~~~~~~~~~~~~~~~~~~~~~~~~~~~~~[m[K

[01m[K/home/berenic/Documents/LPRS2_2026/Robo_Hand_RS485/ROS2/robo_hand_ws/src/custom/glue_events_routines/src/hand_test.cpp:235:49:[m[K [01;31m[Kerror: [m[K‘[01m[KSetInt16[m[K’ is not a member of ‘[01m[Kxarm_msgs::srv[m[K’
  235 |     auto baud_req = make_shared<xarm_msgs::srv::[01;31m[KSetInt16[m[K::Request>();
      |                                                 [01;31m[K^~~~~~~~[m[K
[01m[K/home/berenic/Documents/LPRS2_2026/Robo_Hand_RS485/ROS2/robo_hand_ws/src/custom/glue_events_routines/src/hand_test.cpp:235:21:[m[K [01;31m[Kerror: [m[Kparse error in template argument list
  235 |     auto baud_req = [01;31m[Kmake_shared<xarm_msgs::srv::SetInt16::Request>[m[K();
      |                     [01;31m[K^~~~~~~~~~~~~~~~~~~~~~~~~~~~~~~~~~~~~~~~~~~~~~[m[K
[01m[K/home/berenic/Documents/LPRS2_2026/Robo_Hand_RS485/ROS2/robo_hand_ws/src/custom/glue_events_routines/src/hand_test.cpp:235:67:[m[K [01;31m[Kerror: [m[Kno matching function for call to ‘[01m[Kmake_shared<<expression error> >()[m[K’
  235 |     auto baud_req = [01;31m[Kmake_shared<xarm_msgs::srv::SetInt16::Request>()[m[K;
      |                     [01;31m[K~~~~~~~~~~~~~~~~~~~~~~~~~~~~~~~~~~~~~~~~~~~~~~^~[m[K
In file included from [01m[K/usr/include/c++/13/memory:80[m[K,
                 from [01m[K/opt/ros/jazzy/include/rclcpp/rclcpp/rclcpp.hpp:169[m[K:
[01m[K/usr/include/c++/13/bits/shared_ptr.h:1005:5:[m[K [01;36m[Knote: [m[Kcandidate: ‘[01m[Ktemplate<class _Tp, class ... _Args> std::shared_ptr<typename std::enable_if<(! std::is_array< <template-parameter-1-1> >::value), _Tp>::type> std::[01;32m[Kmake_shared[m[K(_Args&& ...)[m[K’
 1005 |     [01;36m[Kmake_shared[m[K(_Args&&... __args)
      |     [01;36m[K^~~~~~~~~~~[m[K
[01m[K/usr/include/c++/13/bits/shared_ptr.h:1005:5:[m[K [01;36m[Knote: [m[K  template argument deduction/substitution failed:
[01m[K/home/berenic/Documents/LPRS2_2026/Robo_Hand_RS485/ROS2/robo_hand_ws/src/custom/glue_events_routines/src/hand_test.cpp:235:67:[m[K [01;31m[Kerror: [m[Ktemplate argument 1 is invalid
  235 |     auto baud_req = [01;31m[Kmake_shared<xarm_msgs::srv::SetInt16::Request>()[m[K;
      |                     [01;31m[K~~~~~~~~~~~~~~~~~~~~~~~~~~~~~~~~~~~~~~~~~~~~~~^~[m[K
gmake[2]: *** [CMakeFiles/hand_test.dir/build.make:76: CMakeFiles/hand_test.dir/src/hand_test.cpp.o] Error 1
gmake[1]: *** [CMakeFiles/Makefile2:137: CMakeFiles/hand_test.dir/all] Error 2
gmake: *** [Makefile:146: all] Error 2
